04-04 15:28:23.731 13173 13199 I TestRunner: started: testCreateEventViews(com.example.eventlottery.activities.CreateEventActivityTest)
04-04 15:28:23.749 13173 13199 W Settings: Setting always_finish_activities has moved from android.provider.Settings.System to android.provider.Settings.Global, returning read-only value.
04-04 15:28:23.755 13173 13199 E ashmem  : Pinning is deprecated since Android Q. Please use trim or other methods.
04-04 15:28:23.773   821  1534 V GrammaticalInflectionUtils: AttributionSource: android.content.AttributionSource@e036690a does not have READ_SYSTEM_GRAMMATICAL_GENDER permission.
04-04 15:28:23.813   650   785 I libbinder.BpBinder: onLastStrongRef automatically unlinking death recipients for descriptor: '(not cached)'
04-04 15:28:23.817  1231  1231 D BaseActivity: Launcher flags updated: [state_started|state_resumed|state_deferred_resumed|state_window_focused] -[state_user_active]
04-04 15:28:23.826  1231  1231 D BaseActivity: Launcher flags updated: [state_started|state_window_focused] -[state_resumed|state_deferred_resumed]
04-04 15:28:23.829  1231  1231 W SplitSelectStateCtor: Missing session instanceIds
04-04 15:28:23.830  1231  1231 D StatsLog: LAUNCHER_SPLIT_SELECTION_EXIT_INTERRUPTED
04-04 15:28:23.849  1231  1231 D RecentsView: onTaskDisplayChanged: 383, new displayId = 0
04-04 15:28:23.879  1231  1231 D BaseActivity: Launcher flags updated: [state_started] -[state_window_focused]
04-04 15:28:23.896   709   798 W libbinder.IPCThreadState: Sending oneway calls to frozen process.
04-04 15:28:23.896   709   798 W libbinder.IPCThreadState: Sending oneway calls to frozen process.
04-04 15:28:23.901  1094  1295 D WindowOnBackDispatcher: setTopOnBackInvokedCallback (unwrapped): android.view.ViewRootImpl$$ExternalSyntheticLambda12@2226242
04-04 15:28:23.905  1231  1231 D b/417220811: invalidateLoadedTasks - previous requestLoadId: -1
04-04 15:28:23.957  1231  1231 D b/417220811: invalidateLoadedTasks - previous requestLoadId: -1
04-04 15:28:23.997 13173 13205 I GFXSTREAM: [eglDisplay.cpp(297)] Opening libGLESv1_CM_emulation.so
04-04 15:28:24.000 13173 13205 I GFXSTREAM: [eglDisplay.cpp(297)] Opening libGLESv2_emulation.so
04-04 15:28:24.017 13173 13205 W HWUI    : Failed to choose config with EGL_SWAP_BEHAVIOR_PRESERVED, retrying without...
04-04 15:28:24.017 13173 13205 W HWUI    : Failed to initialize 101010-2 format, error = EGL_SUCCESS
04-04 15:28:24.030 13173 13173 D DesktopExperienceFlags: Toggle override initialized to: false
04-04 15:28:24.035  1231  1231 D b/417220811: invalidateLoadedTasks - previous requestLoadId: -1
04-04 15:28:24.074 13173 13173 D AppCompatDelegate: Checking for metadata for AppLocalesMetadataHolderService : Service not found
04-04 15:28:24.092  1231  1231 D VRI[NexusLauncherActivity]: visibilityChanged oldVisibility=true newVisibility=false
04-04 15:28:24.095  1094  1459 D WallpaperService: onVisibilityChanged(false): com.android.systemui.wallpapers.ImageWallpaper$CanvasEngine@96111d8
04-04 15:28:24.102 13173 13173 D LifecycleMonitor: Lifecycle status change: com.example.eventlottery.activities.CreateEventActivity@7f29017 in: PRE_ON_CREATE
04-04 15:28:24.103 13173 13173 V ActivityScenario: Activity lifecycle changed event received but ignored because the reported transition was not ON_CREATE while the last known transition was PRE_ON_CREATE
04-04 15:28:24.122  1231  1231 D NexusLauncherModelDelegate: notifySmartspaceEvent: SmartspaceTargetEvent{mSmartspaceTarget=null, mSmartspaceActionId='null', mEventType=7}
04-04 15:28:24.187 13173 13173 D CompatChangeReporter: Compat change id reported: 309578419; UID 10349; state: ENABLED
04-04 15:28:24.188 13173 13173 D DesktopModeFlags: Toggle override initialized to: OVERRIDE_UNSET
04-04 15:28:24.233 13173 13173 I le.eventlottery: hiddenapi: Accessing hidden method Landroid/view/ViewGroup;->makeOptionalFitsSystemWindows()V (runtime_flags=0, domain=platform, api=unsupported) from Landroidx/appcompat/widget/ViewUtils; (domain=app, TargetSdkVersion=35) using reflection: allowed
04-04 15:28:24.375 13173 13173 I HWUI    : Using FreeType backend (prop=Auto)
04-04 15:28:24.460 13173 13173 D CompatChangeReporter: Compat change id reported: 303326708; UID 10349; state: ENABLED
04-04 15:28:24.795 13173 13209 W DynamiteModule: Local module descriptor class for com.google.android.gms.providerinstaller.dynamite not found.
04-04 15:28:24.807 24103 24150 W ProviderHelper: Unknown dynamite feature providerinstaller.dynamite
04-04 15:28:24.813 13173 13209 I DynamiteModule: Considering local module com.google.android.gms.providerinstaller.dynamite:0 and remote module com.google.android.gms.providerinstaller.dynamite:0
04-04 15:28:24.813 13173 13209 W ProviderInstaller: Failed to load providerinstaller module: No acceptable module com.google.android.gms.providerinstaller.dynamite found. Local version is 0 and remote version is 0.
04-04 15:28:24.818 13173 13209 D ApplicationLoaders: Returning zygote-cached class loader: /system/framework/org.apache.http.legacy.jar
04-04 15:28:24.818 13173 13209 D ApplicationLoaders: Returning zygote-cached class loader: /system/framework/com.android.location.provider.jar
04-04 15:28:24.818 13173 13209 D ApplicationLoaders: Returning zygote-cached class loader: /system/framework/com.android.media.remotedisplay.jar
04-04 15:28:24.818 13173 13209 D ApplicationLoaders: Returning zygote-cached class loader: /system_ext/framework/androidx.window.extensions.jar
04-04 15:28:24.818 13173 13209 D ApplicationLoaders: Returning zygote-cached class loader: /system_ext/framework/androidx.window.sidecar.jar
04-04 15:28:24.834 13173 13209 W le.eventlottery: Loading /data/app/~~iN5TNUz5GRPNHFZVVpd-EQ==/com.google.android.gms-399XSfsCwinJZ3ekNs_kMg==/oat/x86_64/base.odex non-executable as it requires an image which we failed to load
04-04 15:28:24.845 13173 13173 D LifecycleMonitor: Lifecycle status change: com.example.eventlottery.activities.CreateEventActivity@7f29017 in: CREATED
04-04 15:28:24.845 13173 13173 V ActivityScenario: Update currentActivityStage to CREATED, currentActivity=com.example.eventlottery.activities.CreateEventActivity@7f29017
04-04 15:28:24.851 13173 13209 D nativeloader: Configuring clns-12 for other apk /data/app/~~iN5TNUz5GRPNHFZVVpd-EQ==/com.google.android.gms-399XSfsCwinJZ3ekNs_kMg==/base.apk. target_sdk_version=36, uses_libraries=, library_path=/data/app/~~iN5TNUz5GRPNHFZVVpd-EQ==/com.google.android.gms-399XSfsCwinJZ3ekNs_kMg==/lib/x86_64:/data/app/~~iN5TNUz5GRPNHFZVVpd-EQ==/com.google.android.gms-399XSfsCwinJZ3ekNs_kMg==/base.apk!/lib/x86_64, permitted_path=/data:/mnt/expand:/data/user/0/com.google.android.gms
04-04 15:28:24.866 13173 13173 D LifecycleMonitor: Lifecycle status change: com.example.eventlottery.activities.CreateEventActivity@7f29017 in: STARTED
04-04 15:28:24.867 13173 13173 V ActivityScenario: Update currentActivityStage to STARTED, currentActivity=com.example.eventlottery.activities.CreateEventActivity@7f29017
04-04 15:28:24.870 13173 13173 D LifecycleMonitor: Lifecycle status change: com.example.eventlottery.activities.CreateEventActivity@7f29017 in: RESUMED
04-04 15:28:24.870 13173 13173 V ActivityScenario: Update currentActivityStage to RESUMED, currentActivity=com.example.eventlottery.activities.CreateEventActivity@7f29017
04-04 15:28:24.899 13173 13209 W ProviderInstaller: Failed to report request stats: com.google.android.gms.common.security.ProviderInstallerImpl.reportRequestStats [class android.content.Context, long, long]
04-04 15:28:24.900 13173 13173 D CompatChangeReporter: Compat change id reported: 349153669; UID 10349; state: ENABLED
04-04 15:28:24.906 13173 13173 W HWUI    : Unknown dataspace 0
04-04 15:28:24.961 13173 13173 D AutofillManager: view not autofillable - has multiline input type
04-04 15:28:24.961 13173 13173 D AutofillManager: view not autofillable - has multiline input type
04-04 15:28:24.986 13173 13173 D VRI[CreateEventActivity]: WindowInsets changed: 1080x2400 statusBars:[0,63,0,0] navigationBars:[0,0,0,63] mandatorySystemGestures:[0,63,0,84]
04-04 15:28:25.001 13173 13173 D WindowOnBackDispatcher: setTopOnBackInvokedCallback (unwrapped): android.view.ViewRootImpl$$ExternalSyntheticLambda12@c31a994
04-04 15:28:25.006 24103 24103 D BoundBrokerSvc: onUnbind: Intent { act=com.google.android.gms.common.telemetry.service.START dat=chimera-action:/... xflg=0x4 cmp=com.google.android.gms/.chimera.PersistentApiService }
04-04 15:28:25.010   821  2320 D ConnectivityService: requestNetwork for uid/pid:10349/13173 activeRequest: null callbackRequest: 469 [NetworkRequest [ REQUEST id=470, [ Capabilities: INTERNET&NOT_RESTRICTED&TRUSTED&NOT_VCN_MANAGED&NOT_BANDWIDTH_CONSTRAINED Uid: 10349 RequestorUid: 10349 RequestorPkg: com.example.eventlottery UnderlyingNetworks: Null] ]] callback flags: 0 order: 2147483647 isUidTracked: false declaredMethods: AVAIL|LOST
04-04 15:28:25.021   821   992 D ConnectivityService: NetReassign [470 : null → 102] [c 0] [a 6] [i 1]
04-04 15:28:25.023   821   986 D WifiNetworkFactory: got request NetworkRequest [ REQUEST id=470, [ Capabilities: INTERNET&NOT_RESTRICTED&TRUSTED&NOT_VCN_MANAGED&NOT_BANDWIDTH_CONSTRAINED Uid: 10349 RequestorUid: 10349 RequestorPkg: com.example.eventlottery UnderlyingNetworks: Null] ]
04-04 15:28:25.026   821   986 D UntrustedWifiNetworkFactory: got request NetworkRequest [ REQUEST id=470, [ Capabilities: INTERNET&NOT_RESTRICTED&TRUSTED&NOT_VCN_MANAGED&NOT_BANDWIDTH_CONSTRAINED Uid: 10349 RequestorUid: 10349 RequestorPkg: com.example.eventlottery UnderlyingNetworks: Null] ]
04-04 15:28:25.026   821   986 D OemPaidWifiNetworkFactory: got request NetworkRequest [ REQUEST id=470, [ Capabilities: INTERNET&NOT_RESTRICTED&TRUSTED&NOT_VCN_MANAGED&NOT_BANDWIDTH_CONSTRAINED Uid: 10349 RequestorUid: 10349 RequestorPkg: com.example.eventlottery UnderlyingNetworks: Null] ]
04-04 15:28:25.026   821   986 D MultiInternetWifiNetworkFactory: got request NetworkRequest [ REQUEST id=470, [ Capabilities: INTERNET&NOT_RESTRICTED&TRUSTED&NOT_VCN_MANAGED&NOT_BANDWIDTH_CONSTRAINED Uid: 10349 RequestorUid: 10349 RequestorPkg: com.example.eventlottery UnderlyingNetworks: Null] ]
04-04 15:28:25.057 13173 13218 I le.eventlottery: hiddenapi: Accessing hidden method Ldalvik/system/VMStack;->getStackClass2()Ljava/lang/Class; (runtime_flags=0, domain=core-platform, api=unsupported) from Lgqpj; (domain=app, TargetSdkVersion=35) using reflection: allowed
04-04 15:28:25.067   650   673 W libbinder.ServiceManagerCppClient: Permission failure: android.permission.ACCESS_SURFACE_FLINGER from uid=10349 pid=0
04-04 15:28:25.067   650   673 D libbinder.PermissionCache: checking android.permission.ACCESS_SURFACE_FLINGER for uid=10349 => denied (1107 us)
04-04 15:28:25.068   650   673 W libbinder.ServiceManagerCppClient: Permission failure: android.permission.ROTATE_SURFACE_FLINGER from uid=10349 pid=0
04-04 15:28:25.068   650   673 D libbinder.PermissionCache: checking android.permission.ROTATE_SURFACE_FLINGER for uid=10349 => denied (531 us)
04-04 15:28:25.068   650   785 W libbinder.ServiceManagerCppClient: Permission failure: android.permission.ROTATE_SURFACE_FLINGER from uid=10349 pid=13173
04-04 15:28:25.068   650   785 D libbinder.PermissionCache: checking android.permission.ROTATE_SURFACE_FLINGER for uid=10349 => denied (336 us)
04-04 15:28:25.069   650   673 W libbinder.ServiceManagerCppClient: Permission failure: android.permission.INTERNAL_SYSTEM_WINDOW from uid=10349 pid=0
04-04 15:28:25.069   650   673 D libbinder.PermissionCache: checking android.permission.INTERNAL_SYSTEM_WINDOW for uid=10349 => denied (987 us)
04-04 15:28:25.069   650   785 W libbinder.ServiceManagerCppClient: Permission failure: android.permission.INTERNAL_SYSTEM_WINDOW from uid=10349 pid=13173
04-04 15:28:25.069   650   785 D libbinder.PermissionCache: checking android.permission.INTERNAL_SYSTEM_WINDOW for uid=10349 => denied (1199 us)
04-04 15:28:25.081 13173 13218 I fxxm    : Unable to retrieve flag snapshot for com.google.android.gms.providerinstaller#com.example.eventlottery, using defaults.
04-04 15:28:25.098 13173 13219 E GoogleApiManager: Failed to get service from broker.
04-04 15:28:25.098 13173 13219 E GoogleApiManager: java.lang.SecurityException: Unknown calling package name 'com.google.android.gms'.
04-04 15:28:25.098 13173 13219 E GoogleApiManager: 	at android.os.Parcel.createExceptionOrNull(Parcel.java:3373)
04-04 15:28:25.098 13173 13219 E GoogleApiManager: 	at android.os.Parcel.createException(Parcel.java:3357)
04-04 15:28:25.098 13173 13219 E GoogleApiManager: 	at android.os.Parcel.readException(Parcel.java:3340)
04-04 15:28:25.098 13173 13219 E GoogleApiManager: 	at android.os.Parcel.readException(Parcel.java:3282)
04-04 15:28:25.098 13173 13219 E GoogleApiManager: 	at bdxl.a(:com.google.android.gms@260235038@26.02.35 (260800-862924022):36)
04-04 15:28:25.098 13173 13219 E GoogleApiManager: 	at bdvm.z(:com.google.android.gms@260235038@26.02.35 (260800-862924022):143)
04-04 15:28:25.098 13173 13219 E GoogleApiManager: 	at bdbo.run(:com.google.android.gms@260235038@26.02.35 (260800-862924022):42)
04-04 15:28:25.098 13173 13219 E GoogleApiManager: 	at android.os.Handler.handleCallback(Handler.java:1070)
04-04 15:28:25.098 13173 13219 E GoogleApiManager: 	at android.os.Handler.dispatchMessage(Handler.java:125)
04-04 15:28:25.098 13173 13219 E GoogleApiManager: 	at crvf.mD(:com.google.android.gms@260235038@26.02.35 (260800-862924022):1)
04-04 15:28:25.098 13173 13219 E GoogleApiManager: 	at crvf.dispatchMessage(:com.google.android.gms@260235038@26.02.35 (260800-862924022):5)
04-04 15:28:25.098 13173 13219 E GoogleApiManager: 	at android.os.Looper.dispatchMessage(Looper.java:333)
04-04 15:28:25.098 13173 13219 E GoogleApiManager: 	at android.os.Looper.loopOnce(Looper.java:263)
04-04 15:28:25.098 13173 13219 E GoogleApiManager: 	at android.os.Looper.loop(Looper.java:367)
04-04 15:28:25.098 13173 13219 E GoogleApiManager: 	at android.os.HandlerThread.run(HandlerThread.java:139)
04-04 15:28:25.099 13173 13219 W GoogleApiManager: Not showing notification since connectionResult is not user-facing: ConnectionResult{statusCode=DEVELOPER_ERROR, resolution=null, message=null, clientMethodKey=null}
04-04 15:28:25.111 13173 13216 W FlagRegistrar: Failed to register com.google.android.gms.providerinstaller#com.example.eventlottery
04-04 15:28:25.111 13173 13216 W FlagRegistrar: fxxy: 17: 17: API: Phenotype.API is not available on this device. Connection failed with: ConnectionResult{statusCode=DEVELOPER_ERROR, resolution=null, message=null, clientMethodKey=null}
04-04 15:28:25.111 13173 13216 W FlagRegistrar: 	at fxya.a(:com.google.android.gms@260235038@26.02.35 (260800-862924022):13)
04-04 15:28:25.111 13173 13216 W FlagRegistrar: 	at gvzc.d(:com.google.android.gms@260235038@26.02.35 (260800-862924022):3)
04-04 15:28:25.111 13173 13216 W FlagRegistrar: 	at gvze.run(:com.google.android.gms@260235038@26.02.35 (260800-862924022):130)
04-04 15:28:25.111 13173 13216 W FlagRegistrar: 	at gwbl.execute(:com.google.android.gms@260235038@26.02.35 (260800-862924022):1)
04-04 15:28:25.111 13173 13216 W FlagRegistrar: 	at gvzm.f(:com.google.android.gms@260235038@26.02.35 (260800-862924022):1)
04-04 15:28:25.111 13173 13216 W FlagRegistrar: 	at gvzm.m(:com.google.android.gms@260235038@26.02.35 (260800-862924022):99)
04-04 15:28:25.111 13173 13216 W FlagRegistrar: 	at gvzm.r(:com.google.android.gms@260235038@26.02.35 (260800-862924022):17)
04-04 15:28:25.111 13173 13216 W FlagRegistrar: 	at fqmm.hC(:com.google.android.gms@260235038@26.02.35 (260800-862924022):35)
04-04 15:28:25.111 13173 13216 W FlagRegistrar: 	at fdqm.run(:com.google.android.gms@260235038@26.02.35 (260800-862924022):12)
04-04 15:28:25.111 13173 13216 W FlagRegistrar: 	at gwbl.execute(:com.google.android.gms@260235038@26.02.35 (260800-862924022):1)
04-04 15:28:25.111 13173 13216 W FlagRegistrar: 	at fdqn.b(:com.google.android.gms@260235038@26.02.35 (260800-862924022):18)
04-04 15:28:25.111 13173 13216 W FlagRegistrar: 	at fdrc.b(:com.google.android.gms@260235038@26.02.35 (260800-862924022):34)
04-04 15:28:25.111 13173 13216 W FlagRegistrar: 	at fdre.d(:com.google.android.gms@260235038@26.02.35 (260800-862924022):25)
04-04 15:28:25.111 13173 13216 W FlagRegistrar: 	at bcyx.c(:com.google.android.gms@260235038@26.02.35 (260800-862924022):9)
04-04 15:28:25.111 13173 13216 W FlagRegistrar: 	at bdbm.q(:com.google.android.gms@260235038@26.02.35 (260800-862924022):48)
04-04 15:28:25.111 13173 13216 W FlagRegistrar: 	at bdbm.d(:com.google.android.gms@260235038@26.02.35 (260800-862924022):10)
04-04 15:28:25.111 13173 13216 W FlagRegistrar: 	at bdbm.g(:com.google.android.gms@260235038@26.02.35 (260800-862924022):191)
04-04 15:28:25.111 13173 13216 W FlagRegistrar: 	at bdbm.onConnectionFailed(:com.google.android.gms@260235038@26.02.35 (260800-862924022):2)
04-04 15:28:25.111 13173 13216 W FlagRegistrar: 	at bdbo.run(:com.google.android.gms@260235038@26.02.35 (260800-862924022):70)
04-04 15:28:25.111 13173 13216 W FlagRegistrar: 	at android.os.Handler.handleCallback(Handler.java:1070)
04-04 15:28:25.111 13173 13216 W FlagRegistrar: 	at android.os.Handler.dispatchMessage(Handler.java:125)
04-04 15:28:25.111 13173 13216 W FlagRegistrar: 	at crvf.mD(:com.google.android.gms@260235038@26.02.35 (260800-862924022):1)
04-04 15:28:25.111 13173 13216 W FlagRegistrar: 	at crvf.dispatchMessage(:com.google.android.gms@260235038@26.02.35 (260800-862924022):5)
04-04 15:28:25.111 13173 13216 W FlagRegistrar: 	at android.os.Looper.dispatchMessage(Looper.java:333)
04-04 15:28:25.111 13173 13216 W FlagRegistrar: 	at android.os.Looper.loopOnce(Looper.java:263)
04-04 15:28:25.111 13173 13216 W FlagRegistrar: 	at android.os.Looper.loop(Looper.java:367)
04-04 15:28:25.111 13173 13216 W FlagRegistrar: 	at android.os.HandlerThread.run(HandlerThread.java:139)
04-04 15:28:25.111 13173 13216 W FlagRegistrar: Caused by: bcxe: 17: API: Phenotype.API is not available on this device. Connection failed with: ConnectionResult{statusCode=DEVELOPER_ERROR, resolution=null, message=null, clientMethodKey=null}
04-04 15:28:25.111 13173 13216 W FlagRegistrar: 	at bduy.a(:com.google.android.gms@260235038@26.02.35 (260800-862924022):15)
04-04 15:28:25.111 13173 13216 W FlagRegistrar: 	at bcza.a(:com.google.android.gms@260235038@26.02.35 (260800-862924022):1)
04-04 15:28:25.111 13173 13216 W FlagRegistrar: 	at bcyx.c(:com.google.android.gms@260235038@26.02.35 (260800-862924022):5)
04-04 15:28:25.111 13173 13216 W FlagRegistrar: 	... 13 more
04-04 15:28:25.146 13173 13209 D nativeloader: Load /data/app/~~iN5TNUz5GRPNHFZVVpd-EQ==/com.google.android.gms-399XSfsCwinJZ3ekNs_kMg==/base.apk!/lib/x86_64/libconscrypt_gmscore_jni.so using class loader ns clns-12 (caller=/data/app/~~iN5TNUz5GRPNHFZVVpd-EQ==/com.google.android.gms-399XSfsCwinJZ3ekNs_kMg==/base.apk): ok
04-04 15:28:25.150 13173 13209 V NativeCrypto: Registering com/google/android/gms/org/conscrypt/NativeCrypto's 333 native methods...
04-04 15:28:25.168 13173 13209 I le.eventlottery: hiddenapi: Accessing hidden method Ljava/security/spec/ECParameterSpec;->getCurveName()Ljava/lang/String; (runtime_flags=0, domain=core-platform, api=unsupported) from Lcom/google/android/gms/org/conscrypt/Platform; (domain=app, TargetSdkVersion=35) using reflection: allowed
04-04 15:28:25.181 13173 13209 I ProviderInstaller: Installed default security provider GmsCore_OpenSSL
04-04 15:28:25.249   821  1141 W libbinder.ServiceManagerCppClient: Permission failure: android.permission.ACCESS_SURFACE_FLINGER from uid=10349 pid=0
04-04 15:28:25.249   821  1141 D libbinder.PermissionCache: checking android.permission.ACCESS_SURFACE_FLINGER for uid=10349 => denied (250 us)
04-04 15:28:25.249   821  1141 W libbinder.ServiceManagerCppClient: Permission failure: android.permission.ROTATE_SURFACE_FLINGER from uid=10349 pid=0
04-04 15:28:25.249   821  1141 D libbinder.PermissionCache: checking android.permission.ROTATE_SURFACE_FLINGER for uid=10349 => denied (178 us)
04-04 15:28:25.249   821  1141 W libbinder.ServiceManagerCppClient: Permission failure: android.permission.INTERNAL_SYSTEM_WINDOW from uid=10349 pid=0
04-04 15:28:25.249   821  1141 D libbinder.PermissionCache: checking android.permission.INTERNAL_SYSTEM_WINDOW for uid=10349 => denied (164 us)
04-04 15:28:25.253   821   845 I ActivityTaskManager: Displayed com.example.eventlottery/.activities.CreateEventActivity for user 0: +1s488ms
04-04 15:28:25.262  1094  1295 D WindowOnBackDispatcher: setTopOnBackInvokedCallback (unwrapped): null
04-04 15:28:25.263   709   798 W libbinder.IPCThreadState: Sending oneway calls to frozen process.
04-04 15:28:25.264   709   798 W libbinder.IPCThreadState: Sending oneway calls to frozen process.
04-04 15:28:25.271  1231  1231 D BaseActivity: Launcher flags updated: [] -[state_started]
04-04 15:28:25.271  1231  1231 D BaseDepthController: setSurface:
04-04 15:28:25.271  1231  1231 D BaseDepthController: 	mWaitingOnSurfaceValidity: false
04-04 15:28:25.271  1231  1231 D BaseDepthController: 	mBaseSurface: null
04-04 15:28:25.271  1231  1231 D BaseDepthController: mSurface is null and mCurrentBlur is: 0
04-04 15:28:25.282  1231  1231 D LauncherStateManager: StateManager.goToState: fromState: Normal, toState: Normal, partial trace:
04-04 15:28:25.282  1231  1231 D LauncherStateManager: 	at com.android.launcher3.statemanager.StateManager.moveToRestState(go/retraceme f3a19d912c87c27267cfbc05ba0bc7b202ab72a6648bd76225f5f7e128d94583:6)
04-04 15:28:25.282  1231  1231 D LauncherStateManager: 	at com.android.launcher3.statemanager.StateManager.moveToRestState(go/retraceme f3a19d912c87c27267cfbc05ba0bc7b202ab72a6648bd76225f5f7e128d94583:2)
04-04 15:28:25.282  1231  1231 D LauncherStateManager: 	at com.android.launcher3.statemanager.StatefulActivity.onStop(go/retraceme f3a19d912c87c27267cfbc05ba0bc7b202ab72a6648bd76225f5f7e128d94583:32)
04-04 15:28:25.282  1231  1231 D LauncherStateManager: StateManager.onRepeatStateSetAborted: state: Normal
04-04 15:28:25.283  1231  1231 D ActivityContext: hideKeyboard
04-04 15:28:25.283  1231  1231 D ActivityContext: isImeShown: false
04-04 15:28:25.283  1231  1231 D StatsLog: LAUNCHER_ONSTOP
04-04 15:28:25.285  1231  6431 D GmsPlayProvider: Shutdown the binder channel gracefully.
04-04 15:28:25.286  1231  6431 D GmsPlayProvider: Binder channel is terminated gracefully.
04-04 15:28:25.296  1231  1231 D StatsLog: LAUNCHER_GOOGLE_SEARCH_RESTORE_LIST_SIZE_AFTER_ACTIVITY_RESTART
04-04 15:28:25.330   821  2320 D ConnectivityService: requestNetwork for uid/pid:10349/13173 activeRequest: null callbackRequest: 471 [NetworkRequest [ REQUEST id=472, [ Capabilities: INTERNET&NOT_RESTRICTED&TRUSTED&NOT_VCN_MANAGED&NOT_BANDWIDTH_CONSTRAINED Uid: 10349 RequestorUid: 10349 RequestorPkg: com.example.eventlottery UnderlyingNetworks: Null] ]] callback flags: 0 order: 2147483647 isUidTracked: false declaredMethods: AVAIL|BLK
04-04 15:28:25.332   821   986 D WifiNetworkFactory: got request NetworkRequest [ REQUEST id=472, [ Capabilities: INTERNET&NOT_RESTRICTED&TRUSTED&NOT_VCN_MANAGED&NOT_BANDWIDTH_CONSTRAINED Uid: 10349 RequestorUid: 10349 RequestorPkg: com.example.eventlottery UnderlyingNetworks: Null] ]
04-04 15:28:25.332   821   986 D UntrustedWifiNetworkFactory: got request NetworkRequest [ REQUEST id=472, [ Capabilities: INTERNET&NOT_RESTRICTED&TRUSTED&NOT_VCN_MANAGED&NOT_BANDWIDTH_CONSTRAINED Uid: 10349 RequestorUid: 10349 RequestorPkg: com.example.eventlottery UnderlyingNetworks: Null] ]
04-04 15:28:25.332   821   986 D OemPaidWifiNetworkFactory: got request NetworkRequest [ REQUEST id=472, [ Capabilities: INTERNET&NOT_RESTRICTED&TRUSTED&NOT_VCN_MANAGED&NOT_BANDWIDTH_CONSTRAINED Uid: 10349 RequestorUid: 10349 RequestorPkg: com.example.eventlottery UnderlyingNetworks: Null] ]
04-04 15:28:25.332   821   986 D MultiInternetWifiNetworkFactory: got request NetworkRequest [ REQUEST id=472, [ Capabilities: INTERNET&NOT_RESTRICTED&TRUSTED&NOT_VCN_MANAGED&NOT_BANDWIDTH_CONSTRAINED Uid: 10349 RequestorUid: 10349 RequestorPkg: com.example.eventlottery UnderlyingNetworks: Null] ]
04-04 15:28:25.337   821   992 D ConnectivityService: NetReassign [472 : null → 102] [c 0] [a 1] [i 1]
04-04 15:28:25.391   821   954 I ImeTracker: com.example.eventlottery:cf5b98c2: onRequestHide at ORIGIN_SERVER reason HIDE_UNSPECIFIED_WINDOW fromUser false
04-04 15:28:25.414 13173 13173 I ImeTracker: com.example.eventlottery:cf5b98c2: onCancelled at PHASE_CLIENT_ALREADY_HIDDEN
04-04 15:28:25.417   821  2320 I ImeTracker: system_server:87db74a9: onRequestHide at ORIGIN_SERVER reason IME_REQUESTED_CHANGED_LISTENER fromUser false
04-04 15:28:25.417   821   848 I ImeTracker: system_server:87db74a9: onCancelled at PHASE_SERVER_SHOULD_HIDE
04-04 15:28:25.427  1588  1588 I GoogleInputMethodService: GoogleInputMethodService.onFinishInput():2057
04-04 15:28:25.436 24103 24150 I FontLog : (REDACTED) Received query %s, URI %s
04-04 15:28:25.447 24103 24150 I FontLog : (REDACTED) Query [%s] resolved to %s
04-04 15:28:25.459  1588  1588 I Module  : DeviceLockedStatusModuleProvider$Module.updateDeviceLockedStatus():100 repeatCheckTimes = 0, locked = false
04-04 15:28:25.459 24103 24150 I FontLog : (REDACTED) Fetch %s end status %s
04-04 15:28:25.468 24103 24150 I FontLog : (REDACTED) Pulling font file for id = %d, cache size = %d
04-04 15:28:25.478  1588  1588 I GoogleInputMethodService: GoogleInputMethodService.onStartInput():1318 onStartInput(EditorInfo{EditorInfo{packageName=com.example.eventlottery, inputType=0, inputTypeString=NULL, enableLearning=false, autoCorrection=false, autoComplete=false, imeOptions=0, privateImeOptions=null, actionName=UNSPECIFIED, actionLabel=null, initialSelStart=-1, initialSelEnd=-1, initialCapsMode=0, label=null, fieldId=0, fieldName=null, extras=null, hintText=null, hintLocales=[]}}, false)
04-04 15:28:25.487 24103 24150 I FontLog : (REDACTED) Pulling font file for id = %d, cache size = %d
04-04 15:28:25.509  1588  1588 I Module  : DeviceLockedStatusModuleProvider$Module.updateDeviceLockedStatus():100 repeatCheckTimes = 1, locked = false
04-04 15:28:25.514 13173 13199 E AndroidXTracer: enableTracing failed. You may need to upgrade your androidx.tracing:tracing version
04-04 15:28:25.514 13173 13199 E AndroidXTracer: java.lang.NoSuchMethodError: No static method forceEnableAppTracing()V in class Landroidx/tracing/Trace; or its super classes (declaration of 'androidx.tracing.Trace' appears in /data/app/~~OACHPs_sufJcq7BTW1YbmA==/com.example.eventlottery-q709rHb1d2BUmHedrl-sKg==/base.apk)
04-04 15:28:25.514 13173 13199 E AndroidXTracer: 	at androidx.test.platform.tracing.AndroidXTracer.enableTracing(AndroidXTracer.java:57)
04-04 15:28:25.514 13173 13199 E AndroidXTracer: 	at androidx.test.platform.tracing.Tracing.<init>(Tracing.java:53)
04-04 15:28:25.514 13173 13199 E AndroidXTracer: 	at androidx.test.platform.tracing.Tracing.<clinit>(Tracing.java:49)
04-04 15:28:25.514 13173 13199 E AndroidXTracer: 	at androidx.test.espresso.base.BaseLayerModule.providesTracing(BaseLayerModule.java:190)
04-04 15:28:25.514 13173 13199 E AndroidXTracer: 	at androidx.test.espresso.base.BaseLayerModule_ProvidesTracingFactory.providesTracing(BaseLayerModule_ProvidesTracingFactory.java:41)
04-04 15:28:25.514 13173 13199 E AndroidXTracer: 	at androidx.test.espresso.base.BaseLayerModule_ProvidesTracingFactory.get(BaseLayerModule_ProvidesTracingFactory.java:33)
04-04 15:28:25.514 13173 13199 E AndroidXTracer: 	at androidx.test.espresso.base.BaseLayerModule_ProvidesTracingFactory.get(BaseLayerModule_ProvidesTracingFactory.java:11)
04-04 15:28:25.514 13173 13199 E AndroidXTracer: 	at androidx.test.espresso.core.internal.deps.dagger.internal.DoubleCheck.get(DoubleCheck.java:47)
04-04 15:28:25.514 13173 13199 E AndroidXTracer: 	at androidx.test.espresso.base.IdlingResourceRegistry_Factory.get(IdlingResourceRegistry_Factory.java:38)
04-04 15:28:25.514 13173 13199 E AndroidXTracer: 	at androidx.test.espresso.base.IdlingResourceRegistry_Factory.get(IdlingResourceRegistry_Factory.java:12)
04-04 15:28:25.514 13173 13199 E AndroidXTracer: 	at androidx.test.espresso.core.internal.deps.dagger.internal.DoubleCheck.get(DoubleCheck.java:47)
04-04 15:28:25.514 13173 13199 E AndroidXTracer: 	at androidx.test.espresso.DaggerBaseLayerComponent$BaseLayerComponentImpl.idlingResourceRegistry(DaggerBaseLayerComponent.java:279)
04-04 15:28:25.514 13173 13199 E AndroidXTracer: 	at androidx.test.espresso.Espresso.<clinit>(Espresso.java:64)
04-04 15:28:25.514 13173 13199 E AndroidXTracer: 	at com.example.eventlottery.activities.CreateEventActivityTest.testCreateEventViews(CreateEventActivityTest.java:41)
04-04 15:28:25.514 13173 13199 E AndroidXTracer: 	at java.lang.reflect.Method.invoke(Native Method)
04-04 15:28:25.514 13173 13199 E AndroidXTracer: 	at org.junit.runners.model.FrameworkMethod$1.runReflectiveCall(FrameworkMethod.java:59)
04-04 15:28:25.514 13173 13199 E AndroidXTracer: 	at org.junit.internal.runners.model.ReflectiveCallable.run(ReflectiveCallable.java:12)
04-04 15:28:25.514 13173 13199 E AndroidXTracer: 	at org.junit.runners.model.FrameworkMethod.invokeExplosively(FrameworkMethod.java:56)
04-04 15:28:25.514 13173 13199 E AndroidXTracer: 	at org.junit.internal.runners.statements.InvokeMethod.evaluate(InvokeMethod.java:17)
04-04 15:28:25.514 13173 13199 E AndroidXTracer: 	at androidx.test.internal.runner.junit4.statement.RunBefores.evaluate(RunBefores.java:80)
04-04 15:28:25.514 13173 13199 E AndroidXTracer: 	at org.junit.rules.ExternalResource$1.evaluate(ExternalResource.java:54)
04-04 15:28:25.514 13173 13199 E AndroidXTracer: 	at org.junit.runners.ParentRunner$3.evaluate(ParentRunner.java:306)
04-04 15:28:25.514 13173 13199 E AndroidXTracer: 	at org.junit.runners.BlockJUnit4ClassRunner$1.evaluate(BlockJUnit4ClassRunner.java:100)
04-04 15:28:25.514 13173 13199 E AndroidXTracer: 	at org.junit.runners.ParentRunner.runLeaf(ParentRunner.java:366)
04-04 15:28:25.514 13173 13199 E AndroidXTracer: 	at org.junit.runners.BlockJUnit4ClassRunner.runChild(BlockJUnit4ClassRunner.java:103)
04-04 15:28:25.514 13173 13199 E AndroidXTracer: 	at org.junit.runners.BlockJUnit4ClassRunner.runChild(BlockJUnit4ClassRunner.java:63)
04-04 15:28:25.514 13173 13199 E AndroidXTracer: 	at org.junit.runners.ParentRunner$4.run(ParentRunner.java:331)
04-04 15:28:25.514 13173 13199 E AndroidXTracer: 	at org.junit.runners.ParentRunner$1.schedule(ParentRunner.java:79)
04-04 15:28:25.514 13173 13199 E AndroidXTracer: 	at org.junit.runners.ParentRunner.runChildren(ParentRunner.java:329)
04-04 15:28:25.514 13173 13199 E AndroidXTracer: 	at org.junit.runners.ParentRunner.access$100(ParentRunner.java:66)
04-04 15:28:25.514 13173 13199 E AndroidXTracer: 	at org.junit.runners.ParentRunner$2.evaluate(ParentRunner.java:293)
04-04 15:28:25.514 13173 13199 E AndroidXTracer: 	at org.junit.runners.ParentRunner$3.evaluate(ParentRunner.java:306)
04-04 15:28:25.514 13173 13199 E AndroidXTracer: 	at org.junit.runners.ParentRunner.run(ParentRunner.java:413)
04-04 15:28:25.514 13173 13199 E AndroidXTracer: 	at androidx.test.ext.junit.runners.AndroidJUnit4.run(AndroidJUnit4.java:162)
04-04 15:28:25.514 13173 13199 E AndroidXTracer: 	at org.junit.runners.Suite.runChild(Suite.java:128)
04-04 15:28:25.514 13173 13199 E AndroidXTracer: 	at org.junit.runners.Suite.runChild(Suite.java:27)
04-04 15:28:25.514 13173 13199 E AndroidXTracer: 	at org.junit.runners.ParentRunner$4.run(ParentRunner.java:331)
04-04 15:28:25.514 13173 13199 E AndroidXTracer: 	at org.junit.runners.ParentRunner$1.schedule(ParentRunner.java:79)
04-04 15:28:25.514 13173 13199 E AndroidXTracer: 	at org.junit.runners.ParentRunner.runChildren(ParentRunner.java:329)
04-04 15:28:25.514 13173 13199 E AndroidXTracer: 	at org.junit.runners.ParentRunner.access$100(ParentRunner.java:66)
04-04 15:28:25.514 13173 13199 E AndroidXTracer: 	at org.junit.runners.ParentRunner$2.evaluate(ParentRunner.java:293)
04-04 15:28:25.514 13173 13199 E AndroidXTracer: 	at org.junit.runners.ParentRunner$3.evaluate(ParentRunner.java:306)
04-04 15:28:25.514 13173 13199 E AndroidXTracer: 	at org.junit.runners.ParentRunner.run(ParentRunner.java:413)
04-04 15:28:25.514 13173 13199 E AndroidXTracer: 	at org.junit.runner.JUnitCore.run(JUnitCore.java:137)
04-04 15:28:25.514 13173 13199 E AndroidXTracer: 	at org.junit.runner.JUnitCore.run(JUnitCore.java:115)
04-04 15:28:25.516  1588  1588 W NotificationCenter: NotificationCenter$NotificationQueue.notifyPendingNotificationsOnExecutor():877 Heavy notify work detected on UI thread: [ltj->jup, ltj->jtc, ltj->hlv, ltj->jtc, ltj->nuz, ltj->ngp, ltj->jtc, ltj->jtc, ltj->jqp, ltj->jtc, ltj->fwu, ltj->lse, ltj->jtc, ltj->jtc, ltj->jtc, ltj->jtc, ltj->fum, ltj->jtc, ltj->jtc, ltj->lsn, ltj->jtc, ltj->lfm, ltj->jtc, ltj->kya, ltj->guu, ltj->jtc] takes 25ms
04-04 15:28:25.517 13173 13199 E AndroidXTracer: 	at androidx.test.internal.runner.TestExecutor.execute(TestExecutor.java:68)
04-04 15:28:25.517 13173 13199 E AndroidXTracer: 	at androidx.test.internal.runner.TestExecutor.execute(TestExecutor.java:59)
04-04 15:28:25.517 13173 13199 E AndroidXTracer: 	at androidx.test.runner.AndroidJUnitRunner.onStart(AndroidJUnitRunner.java:467)
04-04 15:28:25.517 13173 13199 E AndroidXTracer: 	at android.app.Instrumentation$InstrumentationThread.run(Instrumentation.java:2627)
04-04 15:28:25.518 13173 13199 I Tracing : Tracer added: class androidx.test.platform.tracing.AndroidXTracer
04-04 15:28:25.614 13173 13173 I ViewInteraction: Performing 'scroll to' action on view view.getId() is <2131230963/com.example.eventlottery:id/et_title>
04-04 15:28:25.628 13173 13173 I ScrollToAction: View is already displayed. Returning.
04-04 15:28:25.634 13173 13173 I ViewInteraction: Checking 'MatchesViewAssertion{viewMatcher=(view has effective visibility <VISIBLE> and view.getGlobalVisibleRect() to return non-empty rectangle)}' assertion on view view.getId() is <2131230963/com.example.eventlottery:id/et_title>
04-04 15:28:25.644 13173 13173 I ViewInteraction: Performing 'scroll to' action on view view.getId() is <2131230948/com.example.eventlottery:id/et_description>
04-04 15:28:25.648 13173 13173 I ScrollToAction: View is already displayed. Returning.
04-04 15:28:25.651 13173 13173 I ViewInteraction: Checking 'MatchesViewAssertion{viewMatcher=(view has effective visibility <VISIBLE> and view.getGlobalVisibleRect() to return non-empty rectangle)}' assertion on view view.getId() is <2131230948/com.example.eventlottery:id/et_description>
04-04 15:28:25.658 13173 13173 I ViewInteraction: Performing 'scroll to' action on view view.getId() is <2131230952/com.example.eventlottery:id/et_location>
04-04 15:28:25.663 13173 13173 I ScrollToAction: View is already displayed. Returning.
04-04 15:28:25.666 13173 13173 I ViewInteraction: Checking 'MatchesViewAssertion{viewMatcher=(view has effective visibility <VISIBLE> and view.getGlobalVisibleRect() to return non-empty rectangle)}' assertion on view view.getId() is <2131230952/com.example.eventlottery:id/et_location>
04-04 15:28:25.673 13173 13173 I ViewInteraction: Performing 'scroll to' action on view view.getId() is <2131230946/com.example.eventlottery:id/et_capacity>
04-04 15:28:25.678 13173 13173 I ScrollToAction: View is already displayed. Returning.
04-04 15:28:25.682 13173 13173 I ViewInteraction: Checking 'MatchesViewAssertion{viewMatcher=(view has effective visibility <VISIBLE> and view.getGlobalVisibleRect() to return non-empty rectangle)}' assertion on view view.getId() is <2131230946/com.example.eventlottery:id/et_capacity>
04-04 15:28:25.690 13173 13173 I ViewInteraction: Performing 'scroll to' action on view view.getId() is <2131230831/com.example.eventlottery:id/btn_create_event>
04-04 15:28:25.718 13173 13173 I ViewInteraction: Checking 'MatchesViewAssertion{viewMatcher=(view has effective visibility <VISIBLE> and view.getGlobalVisibleRect() to return non-empty rectangle)}' assertion on view view.getId() is <2131230831/com.example.eventlottery:id/btn_create_event>
04-04 15:28:25.727   821  1534 V GrammaticalInflectionUtils: AttributionSource: android.content.AttributionSource@e1eb41a9 does not have READ_SYSTEM_GRAMMATICAL_GENDER permission.
04-04 15:28:25.735   650  1334 I libbinder.BpBinder: onLastStrongRef automatically unlinking death recipients for descriptor: '(not cached)'
04-04 15:28:25.749   821   848 V GrammaticalInflectionUtils: AttributionSource: android.content.AttributionSource@e1eb41a9 does not have READ_SYSTEM_GRAMMATICAL_GENDER permission.
04-04 15:28:25.750 13173 13173 D LifecycleMonitor: Lifecycle status change: com.example.eventlottery.activities.CreateEventActivity@7f29017 in: PAUSED
04-04 15:28:25.750 13173 13173 V ActivityScenario: Update currentActivityStage to PAUSED, currentActivity=com.example.eventlottery.activities.CreateEventActivity@7f29017
04-04 15:28:25.754  1231  1231 D RecentsView: onTaskDisplayChanged: 384, new displayId = 0
04-04 15:28:25.763  1231  1231 D b/417220811: invalidateLoadedTasks - previous requestLoadId: -1
04-04 15:28:25.768   581   581 D Zygote  : Forked child process 13230
04-04 15:28:25.773  1094  1295 D WindowOnBackDispatcher: setTopOnBackInvokedCallback (unwrapped): android.view.ViewRootImpl$$ExternalSyntheticLambda12@1dfb925
04-04 15:28:25.778   709   798 W libbinder.IPCThreadState: Sending oneway calls to frozen process.
04-04 15:28:25.778   709   798 W libbinder.IPCThreadState: Sending oneway calls to frozen process.
04-04 15:28:25.801 13230 13230 I Zygote  : Process 13230 created for com.example.eventlottery.test
04-04 15:28:25.801 13230 13230 I entlottery.test: Late-enabling -Xcheck:jni
04-04 15:28:25.846 13230 13230 I entlottery.test: Using CollectorTypeCMC GC.
04-04 15:28:25.847 13230 13230 W entlottery.test: Unexpected CPU variant for x86: x86_64.
04-04 15:28:25.847 13230 13230 W entlottery.test: Known variants: atom, sandybridge, silvermont, goldmont, goldmont-plus, goldmont-without-sha-xsaves, tremont, kabylake, alderlake, default
04-04 15:28:25.855   658   694 I adbd    : jdwp connection from 13230
04-04 15:28:25.870 13230 13230 D nativeloader: Load libframework-connectivity-tiramisu-jni.so using APEX ns com_android_tethering for caller /apex/com.android.tethering/javalib/framework-connectivity-t.jar: ok
04-04 15:28:25.871  1231  1231 D b/417220811: invalidateLoadedTasks - previous requestLoadId: -1
04-04 15:28:25.919  1231  1231 D b/417220811: invalidateLoadedTasks - previous requestLoadId: -1
04-04 15:28:25.949   821  1067 W ImageReader_JNI: Unable to acquire a buffer item, very likely client tried to acquire more than maxImages buffers
04-04 15:28:25.958 13230 13230 D ApplicationLoaders: Returning zygote-cached class loader: /system/framework/android.test.base.jar
04-04 15:28:25.964 13230 13230 D nativeloader: Configuring clns-9 for other apk /system/framework/android.test.mock.jar. target_sdk_version=35, uses_libraries=ALL, library_path=/data/app/~~pV3w2RPDk7qltZcm9FlplA==/com.example.eventlottery.test-jbQJx6Dz57gt0XHYo24MCQ==/lib/x86_64, permitted_path=/data:/mnt/expand:/data/user/0/com.example.eventlottery.test
04-04 15:28:25.965 13230 13230 D ApplicationLoaders: Returning zygote-cached class loader: /system/framework/android.test.base.jar
04-04 15:28:25.969 13173 13173 D VRI[CreateEventActivity]: visibilityChanged oldVisibility=true newVisibility=false
04-04 15:28:25.972 13173 13173 D AutofillManager: view not autofillable - has multiline input type
04-04 15:28:25.973 13230 13230 D nativeloader: Configuring clns-10 for other apk /system/framework/android.test.runner.jar. target_sdk_version=35, uses_libraries=ALL, library_path=/data/app/~~pV3w2RPDk7qltZcm9FlplA==/com.example.eventlottery.test-jbQJx6Dz57gt0XHYo24MCQ==/lib/x86_64, permitted_path=/data:/mnt/expand:/data/user/0/com.example.eventlottery.test
04-04 15:28:26.003 13230 13230 D nativeloader: Configuring clns-11 for other apk /data/app/~~pV3w2RPDk7qltZcm9FlplA==/com.example.eventlottery.test-jbQJx6Dz57gt0XHYo24MCQ==/base.apk. target_sdk_version=35, uses_libraries=, library_path=/data/app/~~pV3w2RPDk7qltZcm9FlplA==/com.example.eventlottery.test-jbQJx6Dz57gt0XHYo24MCQ==/lib/x86_64, permitted_path=/data:/mnt/expand:/data/user/0/com.example.eventlottery.test
04-04 15:28:26.005 13230 13230 D CompatChangeReporter: Compat change id reported: 202956589; UID 10350; state: ENABLED
04-04 15:28:26.024 13230 13230 V GraphicsEnvironment: Currently set values for:
04-04 15:28:26.027 13230 13230 V GraphicsEnvironment:   angle_gl_driver_selection_pkgs=[]
04-04 15:28:26.027 13230 13230 V GraphicsEnvironment:   angle_gl_driver_selection_values=[]
04-04 15:28:26.027 13230 13230 V GraphicsEnvironment: com.example.eventlottery.test is not listed in per-application setting
04-04 15:28:26.028 13230 13230 V GraphicsEnvironment: ANGLE allowlist from config: com.dreamgames.royalmatch com.dts.freefiremax com.dxx.firenow com.gramgames.mergedragons com.ludo.king com.mojang.minecraftpe com.my.defense com.nintendo.zaka com.os.airforce com.playrix.fishdomdd.gplay io.teslatech.callbreak jp.konami.prospia net.peakgames.toonblast
04-04 15:28:26.028 13230 13230 V GraphicsEnvironment: No special selections for ANGLE, returning default driver choice
04-04 15:28:26.028 13230 13230 V GraphicsEnvironment: Neither updatable production driver nor prerelease driver is supported.
04-04 15:28:26.029 13243 13243 W libbinder.BackendUnifiedServiceManager: Thread Pool max thread count is 0. Cannot cache binder as linkToDeath cannot be implemented. serviceName: package
04-04 15:28:26.109 13230 13230 E ashmem  : Pinning is deprecated since Android Q. Please use trim or other methods.
04-04 15:28:26.149 13230 13230 D CompatChangeReporter: Compat change id reported: 309578419; UID 10350; state: ENABLED
04-04 15:28:26.149 13230 13230 D DesktopExperienceFlags: Toggle override initialized to: false
04-04 15:28:26.151 13230 13230 D DesktopModeFlags: Toggle override initialized to: OVERRIDE_UNSET
04-04 15:28:26.172 13230 13247 I GFXSTREAM: [eglDisplay.cpp(297)] Opening libGLESv1_CM_emulation.so
04-04 15:28:26.181 24319 24322 I artd    : GetBestInfo: odex next to the dex file (/data/app/~~iN5TNUz5GRPNHFZVVpd-EQ==/com.google.android.gms-399XSfsCwinJZ3ekNs_kMg==/oat/x86_64/base.odex) is kOatUpToDate with filter 'speed-profile' executable 'false'
04-04 15:28:26.185 13230 13247 I GFXSTREAM: [eglDisplay.cpp(297)] Opening libGLESv2_emulation.so
04-04 15:28:26.185 24319 24322 I artd    : GetBestInfo: odex next to the dex file (/data/app/~~iN5TNUz5GRPNHFZVVpd-EQ==/com.google.android.gms-399XSfsCwinJZ3ekNs_kMg==/oat/x86_64/split_AdsDynamite_installtime.odex) is kOatUpToDate with filter 'speed' executable 'false'
04-04 15:28:26.190 13173 13177 I le.eventlottery: Compiler allocated 5087KB to compile void android.view.ViewRootImpl.performTraversals()
04-04 15:28:26.192 24319 24322 I artd    : GetBestInfo: odex next to the dex file (/data/app/~~iN5TNUz5GRPNHFZVVpd-EQ==/com.google.android.gms-399XSfsCwinJZ3ekNs_kMg==/oat/x86_64/split_CronetDynamite_installtime.odex) is kOatUpToDate with filter 'speed' executable 'false'
04-04 15:28:26.196 24319 24322 I artd    : GetBestInfo: odex next to the dex file (/data/app/~~iN5TNUz5GRPNHFZVVpd-EQ==/com.google.android.gms-399XSfsCwinJZ3ekNs_kMg==/oat/x86_64/split_DynamiteLoader_installtime.odex) is kOatUpToDate with filter 'speed' executable 'false'
04-04 15:28:26.198 13173 13173 D LifecycleMonitor: Lifecycle status change: com.example.eventlottery.activities.CreateEventActivity@7f29017 in: STOPPED
04-04 15:28:26.199 24319 24322 I artd    : GetBestInfo: odex next to the dex file (/data/app/~~iN5TNUz5GRPNHFZVVpd-EQ==/com.google.android.gms-399XSfsCwinJZ3ekNs_kMg==/oat/x86_64/split_DynamiteModulesA_installtime.odex) is kOatUpToDate with filter 'speed' executable 'false'
04-04 15:28:26.200 13173 13173 V ActivityScenario: Update currentActivityStage to STOPPED, currentActivity=com.example.eventlottery.activities.CreateEventActivity@7f29017
04-04 15:28:26.203 13173 13173 D LifecycleMonitor: Lifecycle status change: com.example.eventlottery.activities.CreateEventActivity@7f29017 in: DESTROYED
04-04 15:28:26.203 13173 13173 V ActivityScenario: Update currentActivityStage to DESTROYED, currentActivity=null
04-04 15:28:26.203 13230 13230 D CompatChangeReporter: Compat change id reported: 349153669; UID 10350; state: ENABLED
04-04 15:28:26.204 13173 13173 D WindowOnBackDispatcher: setTopOnBackInvokedCallback (unwrapped): null
04-04 15:28:26.206 13173 13173 D AutofillManager: view not autofillable - has multiline input type
04-04 15:28:26.206 24319 24322 I artd    : GetBestInfo: odex next to the dex file (/data/app/~~iN5TNUz5GRPNHFZVVpd-EQ==/com.google.android.gms-399XSfsCwinJZ3ekNs_kMg==/oat/x86_64/split_DynamiteModulesC_installtime.odex) is kOatUpToDate with filter 'speed' executable 'false'
04-04 15:28:26.210 13230 13230 W HWUI    : Unknown dataspace 0
04-04 15:28:26.210 24319 24322 I artd    : GetBestInfo: odex next to the dex file (/data/app/~~iN5TNUz5GRPNHFZVVpd-EQ==/com.google.android.gms-399XSfsCwinJZ3ekNs_kMg==/oat/x86_64/split_GoogleCertificates_installtime.odex) is kOatUpToDate with filter 'speed' executable 'false'
04-04 15:28:26.213 13173 13173 D ViewRootImpl: Skipping stats log for color mode
04-04 15:28:26.214 24319 24322 I artd    : GetBestInfo: odex next to the dex file (/data/app/~~iN5TNUz5GRPNHFZVVpd-EQ==/com.google.android.gms-399XSfsCwinJZ3ekNs_kMg==/oat/x86_64/split_MapsDynamite_installtime.odex) is kOatUpToDate with filter 'speed' executable 'false'
04-04 15:28:26.217   821  1534 I ImeTracker: system_server:ca468bf: onRequestHide at ORIGIN_SERVER reason IME_REQUESTED_CHANGED_LISTENER fromUser false
04-04 15:28:26.218   821   848 I ImeTracker: system_server:ca468bf: onCancelled at PHASE_SERVER_SHOULD_HIDE
04-04 15:28:26.219 13230 13247 W HWUI    : Failed to choose config with EGL_SWAP_BEHAVIOR_PRESERVED, retrying without...
04-04 15:28:26.219 13230 13247 W HWUI    : Failed to initialize 101010-2 format, error = EGL_SUCCESS
04-04 15:28:26.225 24319 24322 I artd    : GetBestInfo: odex next to the dex file (/data/app/~~iN5TNUz5GRPNHFZVVpd-EQ==/com.google.android.gms-399XSfsCwinJZ3ekNs_kMg==/oat/x86_64/split_MeasurementDynamite_installtime.odex) is kOatUpToDate with filter 'speed' executable 'false'
04-04 15:28:26.237  1231  1231 D RecentsView: onTaskRemoved: 383, not handling task stack changes
04-04 15:28:26.237  1231  1231 D RecentsView: onTaskRemoved: 383, not handling task stack changes
04-04 15:28:26.250  1231  1231 D b/417220811: invalidateLoadedTasks - previous requestLoadId: -1
04-04 15:28:26.252 13173 13199 I TestRunner: finished: testCreateEventViews(com.example.eventlottery.activities.CreateEventActivityTest)
