04-04 14:26:24.327  8965  8992 I TestRunner: started: testCreateEventViews(com.example.eventlottery.activities.CreateEventActivityTest)
04-04 14:26:24.356  8965  8992 W Settings: Setting always_finish_activities has moved from android.provider.Settings.System to android.provider.Settings.Global, returning read-only value.
04-04 14:26:24.362  8965  8992 E ashmem  : Pinning is deprecated since Android Q. Please use trim or other methods.
04-04 14:26:24.378   821  1430 V GrammaticalInflectionUtils: AttributionSource: android.content.AttributionSource@c8529058 does not have READ_SYSTEM_GRAMMATICAL_GENDER permission.
04-04 14:26:24.400   650  1334 I libbinder.BpBinder: onLastStrongRef automatically unlinking death recipients for descriptor: '(not cached)'
04-04 14:26:24.406  1231  1231 D RecentsView: onTaskDisplayChanged: 327, new displayId = 0
04-04 14:26:24.413  1231  1231 D BaseActivity: Launcher flags updated: [state_started|state_resumed|state_deferred_resumed|state_window_focused] -[state_user_active]
04-04 14:26:24.419  1231  1231 D BaseActivity: Launcher flags updated: [state_started|state_window_focused] -[state_resumed|state_deferred_resumed]
04-04 14:26:24.420  1231  1231 W SplitSelectStateCtor: Missing session instanceIds
04-04 14:26:24.420  1231  1231 D StatsLog: LAUNCHER_SPLIT_SELECTION_EXIT_INTERRUPTED
04-04 14:26:24.458  1231  1231 D b/417220811: invalidateLoadedTasks - previous requestLoadId: -1
04-04 14:26:24.462   709   798 W libbinder.IPCThreadState: Sending oneway calls to frozen process.
04-04 14:26:24.462   709   798 W libbinder.IPCThreadState: Sending oneway calls to frozen process.
04-04 14:26:24.465  1094  1295 D WindowOnBackDispatcher: setTopOnBackInvokedCallback (unwrapped): android.view.ViewRootImpl$$ExternalSyntheticLambda12@b1cb653
04-04 14:26:24.470  1231  1231 D BaseActivity: Launcher flags updated: [state_started] -[state_window_focused]
04-04 14:26:24.541  1231  1231 D b/417220811: invalidateLoadedTasks - previous requestLoadId: -1
04-04 14:26:24.573  1231  1231 D b/417220811: invalidateLoadedTasks - previous requestLoadId: -1
04-04 14:26:24.586  1231  1231 D VRI[NexusLauncherActivity]: visibilityChanged oldVisibility=true newVisibility=false
04-04 14:26:24.594  1231  1231 D NexusLauncherModelDelegate: notifySmartspaceEvent: SmartspaceTargetEvent{mSmartspaceTarget=null, mSmartspaceActionId='null', mEventType=7}
04-04 14:26:24.596  1094  1459 D WallpaperService: onVisibilityChanged(false): com.android.systemui.wallpapers.ImageWallpaper$CanvasEngine@96111d8
04-04 14:26:24.619  8965  9000 I GFXSTREAM: [eglDisplay.cpp(297)] Opening libGLESv1_CM_emulation.so
04-04 14:26:24.621  8965  9000 I GFXSTREAM: [eglDisplay.cpp(297)] Opening libGLESv2_emulation.so
04-04 14:26:24.639  8965  9000 W HWUI    : Failed to choose config with EGL_SWAP_BEHAVIOR_PRESERVED, retrying without...
04-04 14:26:24.639  8965  9000 W HWUI    : Failed to initialize 101010-2 format, error = EGL_SUCCESS
04-04 14:26:24.663  8965  8965 D DesktopExperienceFlags: Toggle override initialized to: false
04-04 14:26:24.690  8965  8965 D AppCompatDelegate: Checking for metadata for AppLocalesMetadataHolderService : Service not found
04-04 14:26:24.708  8965  8965 D LifecycleMonitor: Lifecycle status change: com.example.eventlottery.activities.CreateEventActivity@4d1c959 in: PRE_ON_CREATE
04-04 14:26:24.709  8965  8965 V ActivityScenario: Activity lifecycle changed event received but ignored because the reported transition was not ON_CREATE while the last known transition was PRE_ON_CREATE
04-04 14:26:24.771  8965  8965 D CompatChangeReporter: Compat change id reported: 309578419; UID 10335; state: ENABLED
04-04 14:26:24.771  8965  8965 D DesktopModeFlags: Toggle override initialized to: OVERRIDE_UNSET
04-04 14:26:24.807  8965  8965 I le.eventlottery: hiddenapi: Accessing hidden method Landroid/view/ViewGroup;->makeOptionalFitsSystemWindows()V (runtime_flags=0, domain=platform, api=unsupported) from Landroidx/appcompat/widget/ViewUtils; (domain=app, TargetSdkVersion=35) using reflection: allowed
04-04 14:26:24.948  8965  8965 I HWUI    : Using FreeType backend (prop=Auto)
04-04 14:26:25.029  8965  8965 D CompatChangeReporter: Compat change id reported: 303326708; UID 10335; state: ENABLED
04-04 14:26:25.336  8965  9006 W DynamiteModule: Local module descriptor class for com.google.android.gms.providerinstaller.dynamite not found.
04-04 14:26:25.362 24103 24134 W ProviderHelper: Unknown dynamite feature providerinstaller.dynamite
04-04 14:26:25.368  8965  9006 I DynamiteModule: Considering local module com.google.android.gms.providerinstaller.dynamite:0 and remote module com.google.android.gms.providerinstaller.dynamite:0
04-04 14:26:25.369  8965  9006 W ProviderInstaller: Failed to load providerinstaller module: No acceptable module com.google.android.gms.providerinstaller.dynamite found. Local version is 0 and remote version is 0.
04-04 14:26:25.374  8965  9006 D ApplicationLoaders: Returning zygote-cached class loader: /system/framework/org.apache.http.legacy.jar
04-04 14:26:25.374  8965  9006 D ApplicationLoaders: Returning zygote-cached class loader: /system/framework/com.android.location.provider.jar
04-04 14:26:25.375  8965  9006 D ApplicationLoaders: Returning zygote-cached class loader: /system/framework/com.android.media.remotedisplay.jar
04-04 14:26:25.375  8965  9006 D ApplicationLoaders: Returning zygote-cached class loader: /system_ext/framework/androidx.window.extensions.jar
04-04 14:26:25.375  8965  9006 D ApplicationLoaders: Returning zygote-cached class loader: /system_ext/framework/androidx.window.sidecar.jar
04-04 14:26:25.402  8965  8965 D LifecycleMonitor: Lifecycle status change: com.example.eventlottery.activities.CreateEventActivity@4d1c959 in: CREATED
04-04 14:26:25.403  8965  8965 V ActivityScenario: Update currentActivityStage to CREATED, currentActivity=com.example.eventlottery.activities.CreateEventActivity@4d1c959
04-04 14:26:25.405  8965  9006 W le.eventlottery: Loading /data/app/~~iN5TNUz5GRPNHFZVVpd-EQ==/com.google.android.gms-399XSfsCwinJZ3ekNs_kMg==/oat/x86_64/base.odex non-executable as it requires an image which we failed to load
04-04 14:26:25.417  8965  9006 D nativeloader: Configuring clns-12 for other apk /data/app/~~iN5TNUz5GRPNHFZVVpd-EQ==/com.google.android.gms-399XSfsCwinJZ3ekNs_kMg==/base.apk. target_sdk_version=36, uses_libraries=, library_path=/data/app/~~iN5TNUz5GRPNHFZVVpd-EQ==/com.google.android.gms-399XSfsCwinJZ3ekNs_kMg==/lib/x86_64:/data/app/~~iN5TNUz5GRPNHFZVVpd-EQ==/com.google.android.gms-399XSfsCwinJZ3ekNs_kMg==/base.apk!/lib/x86_64, permitted_path=/data:/mnt/expand:/data/user/0/com.google.android.gms
04-04 14:26:25.422  8965  8965 D LifecycleMonitor: Lifecycle status change: com.example.eventlottery.activities.CreateEventActivity@4d1c959 in: STARTED
04-04 14:26:25.422  8965  8965 V ActivityScenario: Update currentActivityStage to STARTED, currentActivity=com.example.eventlottery.activities.CreateEventActivity@4d1c959
04-04 14:26:25.428  8965  8965 D LifecycleMonitor: Lifecycle status change: com.example.eventlottery.activities.CreateEventActivity@4d1c959 in: RESUMED
04-04 14:26:25.428  8965  8965 V ActivityScenario: Update currentActivityStage to RESUMED, currentActivity=com.example.eventlottery.activities.CreateEventActivity@4d1c959
04-04 14:26:25.466  8965  8965 D CompatChangeReporter: Compat change id reported: 349153669; UID 10335; state: ENABLED
04-04 14:26:25.470  8965  8965 W HWUI    : Unknown dataspace 0
04-04 14:26:25.514  8965  9006 W ProviderInstaller: Failed to report request stats: com.google.android.gms.common.security.ProviderInstallerImpl.reportRequestStats [class android.content.Context, long, long]
04-04 14:26:25.542  8965  8965 D AutofillManager: view not autofillable - has multiline input type
04-04 14:26:25.543  8965  8965 D AutofillManager: view not autofillable - has multiline input type
04-04 14:26:25.581  8965  8965 D VRI[CreateEventActivity]: WindowInsets changed: 1080x2400 statusBars:[0,63,0,0] navigationBars:[0,0,0,63] mandatorySystemGestures:[0,63,0,84]
04-04 14:26:25.584   821  2230 D ConnectivityService: requestNetwork for uid/pid:10335/8965 activeRequest: null callbackRequest: 419 [NetworkRequest [ REQUEST id=420, [ Capabilities: INTERNET&NOT_RESTRICTED&TRUSTED&NOT_VCN_MANAGED&NOT_BANDWIDTH_CONSTRAINED Uid: 10335 RequestorUid: 10335 RequestorPkg: com.example.eventlottery UnderlyingNetworks: Null] ]] callback flags: 0 order: 2147483647 isUidTracked: false declaredMethods: AVAIL|LOST
04-04 14:26:25.598   821   986 D WifiNetworkFactory: got request NetworkRequest [ REQUEST id=420, [ Capabilities: INTERNET&NOT_RESTRICTED&TRUSTED&NOT_VCN_MANAGED&NOT_BANDWIDTH_CONSTRAINED Uid: 10335 RequestorUid: 10335 RequestorPkg: com.example.eventlottery UnderlyingNetworks: Null] ]
04-04 14:26:25.598   821   986 D UntrustedWifiNetworkFactory: got request NetworkRequest [ REQUEST id=420, [ Capabilities: INTERNET&NOT_RESTRICTED&TRUSTED&NOT_VCN_MANAGED&NOT_BANDWIDTH_CONSTRAINED Uid: 10335 RequestorUid: 10335 RequestorPkg: com.example.eventlottery UnderlyingNetworks: Null] ]
04-04 14:26:25.598   821   992 D ConnectivityService: NetReassign [420 : null → 102] [c 0] [a 10] [i 3]
04-04 14:26:25.600   821   986 D OemPaidWifiNetworkFactory: got request NetworkRequest [ REQUEST id=420, [ Capabilities: INTERNET&NOT_RESTRICTED&TRUSTED&NOT_VCN_MANAGED&NOT_BANDWIDTH_CONSTRAINED Uid: 10335 RequestorUid: 10335 RequestorPkg: com.example.eventlottery UnderlyingNetworks: Null] ]
04-04 14:26:25.600   821   986 D MultiInternetWifiNetworkFactory: got request NetworkRequest [ REQUEST id=420, [ Capabilities: INTERNET&NOT_RESTRICTED&TRUSTED&NOT_VCN_MANAGED&NOT_BANDWIDTH_CONSTRAINED Uid: 10335 RequestorUid: 10335 RequestorPkg: com.example.eventlottery UnderlyingNetworks: Null] ]
04-04 14:26:25.606  8965  8965 D WindowOnBackDispatcher: setTopOnBackInvokedCallback (unwrapped): android.view.ViewRootImpl$$ExternalSyntheticLambda12@8ee235c
04-04 14:26:25.657   650   673 W libbinder.ServiceManagerCppClient: Permission failure: android.permission.ACCESS_SURFACE_FLINGER from uid=10335 pid=0
04-04 14:26:25.657   650   673 D libbinder.PermissionCache: checking android.permission.ACCESS_SURFACE_FLINGER for uid=10335 => denied (337 us)
04-04 14:26:25.658   650   673 W libbinder.ServiceManagerCppClient: Permission failure: android.permission.ROTATE_SURFACE_FLINGER from uid=10335 pid=0
04-04 14:26:25.658   650   674 W libbinder.ServiceManagerCppClient: Permission failure: android.permission.ROTATE_SURFACE_FLINGER from uid=10335 pid=8965
04-04 14:26:25.658   650   674 D libbinder.PermissionCache: checking android.permission.ROTATE_SURFACE_FLINGER for uid=10335 => denied (715 us)
04-04 14:26:25.658   650   673 D libbinder.PermissionCache: checking android.permission.ROTATE_SURFACE_FLINGER for uid=10335 => denied (830 us)
04-04 14:26:25.660   650   673 W libbinder.ServiceManagerCppClient: Permission failure: android.permission.INTERNAL_SYSTEM_WINDOW from uid=10335 pid=0
04-04 14:26:25.660   650   673 D libbinder.PermissionCache: checking android.permission.INTERNAL_SYSTEM_WINDOW for uid=10335 => denied (1499 us)
04-04 14:26:25.660   650   674 W libbinder.ServiceManagerCppClient: Permission failure: android.permission.INTERNAL_SYSTEM_WINDOW from uid=10335 pid=8965
04-04 14:26:25.660   650   674 D libbinder.PermissionCache: checking android.permission.INTERNAL_SYSTEM_WINDOW for uid=10335 => denied (1801 us)
04-04 14:26:25.787  8965  9018 E GoogleApiManager: Failed to get service from broker.
04-04 14:26:25.787  8965  9018 E GoogleApiManager: java.lang.SecurityException: Unknown calling package name 'com.google.android.gms'.
04-04 14:26:25.787  8965  9018 E GoogleApiManager: 	at android.os.Parcel.createExceptionOrNull(Parcel.java:3373)
04-04 14:26:25.787  8965  9018 E GoogleApiManager: 	at android.os.Parcel.createException(Parcel.java:3357)
04-04 14:26:25.787  8965  9018 E GoogleApiManager: 	at android.os.Parcel.readException(Parcel.java:3340)
04-04 14:26:25.787  8965  9018 E GoogleApiManager: 	at android.os.Parcel.readException(Parcel.java:3282)
04-04 14:26:25.787  8965  9018 E GoogleApiManager: 	at bdxl.a(:com.google.android.gms@260235038@26.02.35 (260800-862924022):36)
04-04 14:26:25.787  8965  9018 E GoogleApiManager: 	at bdvm.z(:com.google.android.gms@260235038@26.02.35 (260800-862924022):143)
04-04 14:26:25.787  8965  9018 E GoogleApiManager: 	at bdbo.run(:com.google.android.gms@260235038@26.02.35 (260800-862924022):42)
04-04 14:26:25.787  8965  9018 E GoogleApiManager: 	at android.os.Handler.handleCallback(Handler.java:1070)
04-04 14:26:25.787  8965  9018 E GoogleApiManager: 	at android.os.Handler.dispatchMessage(Handler.java:125)
04-04 14:26:25.787  8965  9018 E GoogleApiManager: 	at crvf.mD(:com.google.android.gms@260235038@26.02.35 (260800-862924022):1)
04-04 14:26:25.787  8965  9018 E GoogleApiManager: 	at crvf.dispatchMessage(:com.google.android.gms@260235038@26.02.35 (260800-862924022):5)
04-04 14:26:25.787  8965  9018 E GoogleApiManager: 	at android.os.Looper.dispatchMessage(Looper.java:333)
04-04 14:26:25.787  8965  9018 E GoogleApiManager: 	at android.os.Looper.loopOnce(Looper.java:263)
04-04 14:26:25.787  8965  9018 E GoogleApiManager: 	at android.os.Looper.loop(Looper.java:367)
04-04 14:26:25.787  8965  9018 E GoogleApiManager: 	at android.os.HandlerThread.run(HandlerThread.java:139)
04-04 14:26:25.788  8965  9018 W GoogleApiManager: Not showing notification since connectionResult is not user-facing: ConnectionResult{statusCode=DEVELOPER_ERROR, resolution=null, message=null, clientMethodKey=null}
04-04 14:26:25.791  8965  9015 W FlagRegistrar: Failed to register com.google.android.gms.providerinstaller#com.example.eventlottery
04-04 14:26:25.791  8965  9015 W FlagRegistrar: fxxy: 17: 17: API: Phenotype.API is not available on this device. Connection failed with: ConnectionResult{statusCode=DEVELOPER_ERROR, resolution=null, message=null, clientMethodKey=null}
04-04 14:26:25.791  8965  9015 W FlagRegistrar: 	at fxya.a(:com.google.android.gms@260235038@26.02.35 (260800-862924022):13)
04-04 14:26:25.791  8965  9015 W FlagRegistrar: 	at gvzc.d(:com.google.android.gms@260235038@26.02.35 (260800-862924022):3)
04-04 14:26:25.791  8965  9015 W FlagRegistrar: 	at gvze.run(:com.google.android.gms@260235038@26.02.35 (260800-862924022):130)
04-04 14:26:25.791  8965  9015 W FlagRegistrar: 	at gwbl.execute(:com.google.android.gms@260235038@26.02.35 (260800-862924022):1)
04-04 14:26:25.791  8965  9015 W FlagRegistrar: 	at gvzm.f(:com.google.android.gms@260235038@26.02.35 (260800-862924022):1)
04-04 14:26:25.791  8965  9015 W FlagRegistrar: 	at gvzm.m(:com.google.android.gms@260235038@26.02.35 (260800-862924022):99)
04-04 14:26:25.791  8965  9015 W FlagRegistrar: 	at gvzm.r(:com.google.android.gms@260235038@26.02.35 (260800-862924022):17)
04-04 14:26:25.791  8965  9015 W FlagRegistrar: 	at fqmm.hC(:com.google.android.gms@260235038@26.02.35 (260800-862924022):35)
04-04 14:26:25.791  8965  9015 W FlagRegistrar: 	at fdqm.run(:com.google.android.gms@260235038@26.02.35 (260800-862924022):12)
04-04 14:26:25.791  8965  9015 W FlagRegistrar: 	at gwbl.execute(:com.google.android.gms@260235038@26.02.35 (260800-862924022):1)
04-04 14:26:25.791  8965  9015 W FlagRegistrar: 	at fdqn.b(:com.google.android.gms@260235038@26.02.35 (260800-862924022):18)
04-04 14:26:25.791  8965  9015 W FlagRegistrar: 	at fdrc.b(:com.google.android.gms@260235038@26.02.35 (260800-862924022):34)
04-04 14:26:25.791  8965  9015 W FlagRegistrar: 	at fdre.d(:com.google.android.gms@260235038@26.02.35 (260800-862924022):25)
04-04 14:26:25.791  8965  9015 W FlagRegistrar: 	at bcyx.c(:com.google.android.gms@260235038@26.02.35 (260800-862924022):9)
04-04 14:26:25.791  8965  9015 W FlagRegistrar: 	at bdbm.q(:com.google.android.gms@260235038@26.02.35 (260800-862924022):48)
04-04 14:26:25.791  8965  9015 W FlagRegistrar: 	at bdbm.d(:com.google.android.gms@260235038@26.02.35 (260800-862924022):10)
04-04 14:26:25.791  8965  9015 W FlagRegistrar: 	at bdbm.g(:com.google.android.gms@260235038@26.02.35 (260800-862924022):191)
04-04 14:26:25.791  8965  9015 W FlagRegistrar: 	at bdbm.onConnectionFailed(:com.google.android.gms@260235038@26.02.35 (260800-862924022):2)
04-04 14:26:25.791  8965  9015 W FlagRegistrar: 	at bdbo.run(:com.google.android.gms@260235038@26.02.35 (260800-862924022):70)
04-04 14:26:25.791  8965  9015 W FlagRegistrar: 	at android.os.Handler.handleCallback(Handler.java:1070)
04-04 14:26:25.791  8965  9015 W FlagRegistrar: 	at android.os.Handler.dispatchMessage(Handler.java:125)
04-04 14:26:25.791  8965  9015 W FlagRegistrar: 	at crvf.mD(:com.google.android.gms@260235038@26.02.35 (260800-862924022):1)
04-04 14:26:25.791  8965  9015 W FlagRegistrar: 	at crvf.dispatchMessage(:com.google.android.gms@260235038@26.02.35 (260800-862924022):5)
04-04 14:26:25.791  8965  9015 W FlagRegistrar: 	at android.os.Looper.dispatchMessage(Looper.java:333)
04-04 14:26:25.791  8965  9015 W FlagRegistrar: 	at android.os.Looper.loopOnce(Looper.java:263)
04-04 14:26:25.791  8965  9015 W FlagRegistrar: 	at android.os.Looper.loop(Looper.java:367)
04-04 14:26:25.791  8965  9015 W FlagRegistrar: 	at android.os.HandlerThread.run(HandlerThread.java:139)
04-04 14:26:25.791  8965  9015 W FlagRegistrar: Caused by: bcxe: 17: API: Phenotype.API is not available on this device. Connection failed with: ConnectionResult{statusCode=DEVELOPER_ERROR, resolution=null, message=null, clientMethodKey=null}
04-04 14:26:25.791  8965  9015 W FlagRegistrar: 	at bduy.a(:com.google.android.gms@260235038@26.02.35 (260800-862924022):15)
04-04 14:26:25.791  8965  9015 W FlagRegistrar: 	at bcza.a(:com.google.android.gms@260235038@26.02.35 (260800-862924022):1)
04-04 14:26:25.791  8965  9015 W FlagRegistrar: 	at bcyx.c(:com.google.android.gms@260235038@26.02.35 (260800-862924022):5)
04-04 14:26:25.791  8965  9015 W FlagRegistrar: 	... 13 more
04-04 14:26:25.800  8965  9022 I le.eventlottery: hiddenapi: Accessing hidden method Ldalvik/system/VMStack;->getStackClass2()Ljava/lang/Class; (runtime_flags=0, domain=core-platform, api=unsupported) from Lgqpj; (domain=app, TargetSdkVersion=35) using reflection: allowed
04-04 14:26:25.837  8965  9022 I fxxm    : Unable to retrieve flag snapshot for com.google.android.gms.providerinstaller#com.example.eventlottery, using defaults.
04-04 14:26:25.852  8965  9006 D nativeloader: Load /data/app/~~iN5TNUz5GRPNHFZVVpd-EQ==/com.google.android.gms-399XSfsCwinJZ3ekNs_kMg==/base.apk!/lib/x86_64/libconscrypt_gmscore_jni.so using class loader ns clns-12 (caller=/data/app/~~iN5TNUz5GRPNHFZVVpd-EQ==/com.google.android.gms-399XSfsCwinJZ3ekNs_kMg==/base.apk): ok
04-04 14:26:25.860  8965  9006 V NativeCrypto: Registering com/google/android/gms/org/conscrypt/NativeCrypto's 333 native methods...
04-04 14:26:25.891  8965  9006 I le.eventlottery: hiddenapi: Accessing hidden method Ljava/security/spec/ECParameterSpec;->getCurveName()Ljava/lang/String; (runtime_flags=0, domain=core-platform, api=unsupported) from Lcom/google/android/gms/org/conscrypt/Platform; (domain=app, TargetSdkVersion=35) using reflection: allowed
04-04 14:26:25.904  8965  9006 I ProviderInstaller: Installed default security provider GmsCore_OpenSSL
04-04 14:26:25.919   821   986 I HalDevMgr: bestIfaceCreationProposal is null, requestIface=STA, existingIface=[name=wlan0 type=STA]
04-04 14:26:25.922   821  1742 W libbinder.ServiceManagerCppClient: Permission failure: android.permission.ACCESS_SURFACE_FLINGER from uid=10335 pid=0
04-04 14:26:25.922   821  1742 D libbinder.PermissionCache: checking android.permission.ACCESS_SURFACE_FLINGER for uid=10335 => denied (235 us)
04-04 14:26:25.923   821  1742 W libbinder.ServiceManagerCppClient: Permission failure: android.permission.ROTATE_SURFACE_FLINGER from uid=10335 pid=0
04-04 14:26:25.923   821  1742 D libbinder.PermissionCache: checking android.permission.ROTATE_SURFACE_FLINGER for uid=10335 => denied (262 us)
04-04 14:26:25.924   821  1742 W libbinder.ServiceManagerCppClient: Permission failure: android.permission.INTERNAL_SYSTEM_WINDOW from uid=10335 pid=0
04-04 14:26:25.924   821  1742 D libbinder.PermissionCache: checking android.permission.INTERNAL_SYSTEM_WINDOW for uid=10335 => denied (1368 us)
04-04 14:26:25.931   821   845 I ActivityTaskManager: Displayed com.example.eventlottery/.activities.CreateEventActivity for user 0: +1s555ms
04-04 14:26:25.955   709   798 W libbinder.IPCThreadState: Sending oneway calls to frozen process.
04-04 14:26:25.955   709   798 W libbinder.IPCThreadState: Sending oneway calls to frozen process.
04-04 14:26:25.960  1094  1295 D WindowOnBackDispatcher: setTopOnBackInvokedCallback (unwrapped): null
04-04 14:26:25.971  1231  1231 D BaseActivity: Launcher flags updated: [] -[state_started]
04-04 14:26:25.971  1231  1231 D BaseDepthController: setSurface:
04-04 14:26:25.971  1231  1231 D BaseDepthController: 	mWaitingOnSurfaceValidity: false
04-04 14:26:25.971  1231  1231 D BaseDepthController: 	mBaseSurface: null
04-04 14:26:25.973  1231  1231 D BaseDepthController: mSurface is null and mCurrentBlur is: 0
04-04 14:26:25.983  1231  1231 D LauncherStateManager: StateManager.goToState: fromState: Normal, toState: Normal, partial trace:
04-04 14:26:25.983  1231  1231 D LauncherStateManager: 	at com.android.launcher3.statemanager.StateManager.moveToRestState(go/retraceme f3a19d912c87c27267cfbc05ba0bc7b202ab72a6648bd76225f5f7e128d94583:6)
04-04 14:26:25.983  1231  1231 D LauncherStateManager: 	at com.android.launcher3.statemanager.StateManager.moveToRestState(go/retraceme f3a19d912c87c27267cfbc05ba0bc7b202ab72a6648bd76225f5f7e128d94583:2)
04-04 14:26:25.983  1231  1231 D LauncherStateManager: 	at com.android.launcher3.statemanager.StatefulActivity.onStop(go/retraceme f3a19d912c87c27267cfbc05ba0bc7b202ab72a6648bd76225f5f7e128d94583:32)
04-04 14:26:25.983  1231  1231 D LauncherStateManager: StateManager.onRepeatStateSetAborted: state: Normal
04-04 14:26:25.984  1231  1231 D ActivityContext: hideKeyboard
04-04 14:26:25.984  1231  1231 D ActivityContext: isImeShown: false
04-04 14:26:25.984  1231  1231 D StatsLog: LAUNCHER_ONSTOP
04-04 14:26:25.987  1231  6431 D GmsPlayProvider: Shutdown the binder channel gracefully.
04-04 14:26:25.987  1231  6431 D GmsPlayProvider: Binder channel is terminated gracefully.
04-04 14:26:25.987  1231  1231 D StatsLog: LAUNCHER_GOOGLE_SEARCH_RESTORE_LIST_SIZE_AFTER_ACTIVITY_RESTART
04-04 14:26:26.018 24103 24150 I FontLog : (REDACTED) Received query %s, URI %s
04-04 14:26:26.025 24103 24150 I FontLog : (REDACTED) Query [%s] resolved to %s
04-04 14:26:26.042 24103 24150 I FontLog : (REDACTED) Fetch %s end status %s
04-04 14:26:26.050 24103 24150 I FontLog : (REDACTED) Pulling font file for id = %d, cache size = %d
04-04 14:26:26.064 24103 24150 I FontLog : (REDACTED) Pulling font file for id = %d, cache size = %d
04-04 14:26:26.068   821   954 I ImeTracker: com.example.eventlottery:15d68aaf: onRequestHide at ORIGIN_SERVER reason HIDE_UNSPECIFIED_WINDOW fromUser false
04-04 14:26:26.094  8965  8965 I ImeTracker: com.example.eventlottery:15d68aaf: onCancelled at PHASE_CLIENT_ALREADY_HIDDEN
04-04 14:26:26.104   821  1742 I ImeTracker: system_server:1ee99548: onRequestHide at ORIGIN_SERVER reason IME_REQUESTED_CHANGED_LISTENER fromUser false
04-04 14:26:26.105   821  1976 D ConnectivityService: requestNetwork for uid/pid:10335/8965 activeRequest: null callbackRequest: 421 [NetworkRequest [ REQUEST id=422, [ Capabilities: INTERNET&NOT_RESTRICTED&TRUSTED&NOT_VCN_MANAGED&NOT_BANDWIDTH_CONSTRAINED Uid: 10335 RequestorUid: 10335 RequestorPkg: com.example.eventlottery UnderlyingNetworks: Null] ]] callback flags: 0 order: 2147483647 isUidTracked: false declaredMethods: AVAIL|BLK
04-04 14:26:26.105  1588  1588 I GoogleInputMethodService: GoogleInputMethodService.onFinishInput():2057
04-04 14:26:26.108   821   848 I ImeTracker: system_server:1ee99548: onCancelled at PHASE_SERVER_SHOULD_HIDE
04-04 14:26:26.109   821   986 D WifiNetworkFactory: got request NetworkRequest [ REQUEST id=422, [ Capabilities: INTERNET&NOT_RESTRICTED&TRUSTED&NOT_VCN_MANAGED&NOT_BANDWIDTH_CONSTRAINED Uid: 10335 RequestorUid: 10335 RequestorPkg: com.example.eventlottery UnderlyingNetworks: Null] ]
04-04 14:26:26.109   821   986 D UntrustedWifiNetworkFactory: got request NetworkRequest [ REQUEST id=422, [ Capabilities: INTERNET&NOT_RESTRICTED&TRUSTED&NOT_VCN_MANAGED&NOT_BANDWIDTH_CONSTRAINED Uid: 10335 RequestorUid: 10335 RequestorPkg: com.example.eventlottery UnderlyingNetworks: Null] ]
04-04 14:26:26.109   821   986 D OemPaidWifiNetworkFactory: got request NetworkRequest [ REQUEST id=422, [ Capabilities: INTERNET&NOT_RESTRICTED&TRUSTED&NOT_VCN_MANAGED&NOT_BANDWIDTH_CONSTRAINED Uid: 10335 RequestorUid: 10335 RequestorPkg: com.example.eventlottery UnderlyingNetworks: Null] ]
04-04 14:26:26.109   821   986 D MultiInternetWifiNetworkFactory: got request NetworkRequest [ REQUEST id=422, [ Capabilities: INTERNET&NOT_RESTRICTED&TRUSTED&NOT_VCN_MANAGED&NOT_BANDWIDTH_CONSTRAINED Uid: 10335 RequestorUid: 10335 RequestorPkg: com.example.eventlottery UnderlyingNetworks: Null] ]
04-04 14:26:26.109   821   992 D ConnectivityService: NetReassign [422 : null → 102] [c 0] [a 1] [i 3]
04-04 14:26:26.132  1231  1247 W System  : A resource failed to call release.
04-04 14:26:26.133  1231  1247 W System  : A resource failed to call release.
04-04 14:26:26.133  1231  1247 W System  : A resource failed to call release.
04-04 14:26:26.143  1588  1588 I Module  : DeviceLockedStatusModuleProvider$Module.updateDeviceLockedStatus():100 repeatCheckTimes = 0, locked = false
04-04 14:26:26.148  1588  1588 W NotificationCenter: NotificationCenter$NotificationQueue.notifyPendingNotificationsOnExecutor():877 Heavy notify work detected on UI thread: [ltj->jup, ltj->jtc, ltj->hlv, ltj->jtc, ltj->nuz, ltj->ngp, ltj->jtc, ltj->jtc, ltj->jqp, ltj->jtc, ltj->fwu, ltj->lse, ltj->jtc, ltj->jtc, ltj->jtc, ltj->jtc, ltj->fum, ltj->jtc, ltj->jtc, ltj->lsn, ltj->jtc, ltj->lfm, ltj->jtc, ltj->kya, ltj->guu, ltj->jtc] takes 21ms
04-04 14:26:26.157  1588  1588 I GoogleInputMethodService: GoogleInputMethodService.onStartInput():1318 onStartInput(EditorInfo{EditorInfo{packageName=com.example.eventlottery, inputType=0, inputTypeString=NULL, enableLearning=false, autoCorrection=false, autoComplete=false, imeOptions=0, privateImeOptions=null, actionName=UNSPECIFIED, actionLabel=null, initialSelStart=-1, initialSelEnd=-1, initialCapsMode=0, label=null, fieldId=0, fieldName=null, extras=null, hintText=null, hintLocales=[]}}, false)
04-04 14:26:26.197  1588  1588 I Module  : DeviceLockedStatusModuleProvider$Module.updateDeviceLockedStatus():100 repeatCheckTimes = 1, locked = false
04-04 14:26:26.202  1588  1588 W NotificationCenter: NotificationCenter$NotificationQueue.notifyPendingNotificationsOnExecutor():877 Heavy notify work detected on UI thread: [ltj->jup, ltj->jtc, ltj->hlv, ltj->jtc, ltj->nuz, ltj->ngp, ltj->jtc, ltj->jtc, ltj->jqp, ltj->jtc, ltj->fwu, ltj->lse, ltj->jtc, ltj->jtc, ltj->jtc, ltj->jtc, ltj->fum, ltj->jtc, ltj->jtc, ltj->lsn, ltj->jtc, ltj->lfm, ltj->jtc, ltj->kya, ltj->guu, ltj->jtc] takes 26ms
04-04 14:26:26.210 24103 24103 D BoundBrokerSvc: onUnbind: Intent { act=com.google.android.gms.common.telemetry.service.START dat=chimera-action:/... xflg=0x4 cmp=com.google.android.gms/.chimera.PersistentApiService }
04-04 14:26:26.215  8965  8992 E AndroidXTracer: enableTracing failed. You may need to upgrade your androidx.tracing:tracing version
04-04 14:26:26.215  8965  8992 E AndroidXTracer: java.lang.NoSuchMethodError: No static method forceEnableAppTracing()V in class Landroidx/tracing/Trace; or its super classes (declaration of 'androidx.tracing.Trace' appears in /data/app/~~ADDs8w09mC0XoQldWIJvOw==/com.example.eventlottery-cROh_sW9GbeLhhZkW1SZjA==/base.apk)
04-04 14:26:26.215  8965  8992 E AndroidXTracer: 	at androidx.test.platform.tracing.AndroidXTracer.enableTracing(AndroidXTracer.java:57)
04-04 14:26:26.215  8965  8992 E AndroidXTracer: 	at androidx.test.platform.tracing.Tracing.<init>(Tracing.java:53)
04-04 14:26:26.215  8965  8992 E AndroidXTracer: 	at androidx.test.platform.tracing.Tracing.<clinit>(Tracing.java:49)
04-04 14:26:26.215  8965  8992 E AndroidXTracer: 	at androidx.test.espresso.base.BaseLayerModule.providesTracing(BaseLayerModule.java:190)
04-04 14:26:26.215  8965  8992 E AndroidXTracer: 	at androidx.test.espresso.base.BaseLayerModule_ProvidesTracingFactory.providesTracing(BaseLayerModule_ProvidesTracingFactory.java:41)
04-04 14:26:26.215  8965  8992 E AndroidXTracer: 	at androidx.test.espresso.base.BaseLayerModule_ProvidesTracingFactory.get(BaseLayerModule_ProvidesTracingFactory.java:33)
04-04 14:26:26.215  8965  8992 E AndroidXTracer: 	at androidx.test.espresso.base.BaseLayerModule_ProvidesTracingFactory.get(BaseLayerModule_ProvidesTracingFactory.java:11)
04-04 14:26:26.215  8965  8992 E AndroidXTracer: 	at androidx.test.espresso.core.internal.deps.dagger.internal.DoubleCheck.get(DoubleCheck.java:47)
04-04 14:26:26.215  8965  8992 E AndroidXTracer: 	at androidx.test.espresso.base.IdlingResourceRegistry_Factory.get(IdlingResourceRegistry_Factory.java:38)
04-04 14:26:26.215  8965  8992 E AndroidXTracer: 	at androidx.test.espresso.base.IdlingResourceRegistry_Factory.get(IdlingResourceRegistry_Factory.java:12)
04-04 14:26:26.215  8965  8992 E AndroidXTracer: 	at androidx.test.espresso.core.internal.deps.dagger.internal.DoubleCheck.get(DoubleCheck.java:47)
04-04 14:26:26.215  8965  8992 E AndroidXTracer: 	at androidx.test.espresso.DaggerBaseLayerComponent$BaseLayerComponentImpl.idlingResourceRegistry(DaggerBaseLayerComponent.java:279)
04-04 14:26:26.215  8965  8992 E AndroidXTracer: 	at androidx.test.espresso.Espresso.<clinit>(Espresso.java:64)
04-04 14:26:26.215  8965  8992 E AndroidXTracer: 	at com.example.eventlottery.activities.CreateEventActivityTest.testCreateEventViews(CreateEventActivityTest.java:29)
04-04 14:26:26.215  8965  8992 E AndroidXTracer: 	at java.lang.reflect.Method.invoke(Native Method)
04-04 14:26:26.215  8965  8992 E AndroidXTracer: 	at org.junit.runners.model.FrameworkMethod$1.runReflectiveCall(FrameworkMethod.java:59)
04-04 14:26:26.215  8965  8992 E AndroidXTracer: 	at org.junit.internal.runners.model.ReflectiveCallable.run(ReflectiveCallable.java:12)
04-04 14:26:26.215  8965  8992 E AndroidXTracer: 	at org.junit.runners.model.FrameworkMethod.invokeExplosively(FrameworkMethod.java:56)
04-04 14:26:26.215  8965  8992 E AndroidXTracer: 	at org.junit.internal.runners.statements.InvokeMethod.evaluate(InvokeMethod.java:17)
04-04 14:26:26.215  8965  8992 E AndroidXTracer: 	at org.junit.rules.ExternalResource$1.evaluate(ExternalResource.java:54)
04-04 14:26:26.215  8965  8992 E AndroidXTracer: 	at org.junit.runners.ParentRunner$3.evaluate(ParentRunner.java:306)
04-04 14:26:26.215  8965  8992 E AndroidXTracer: 	at org.junit.runners.BlockJUnit4ClassRunner$1.evaluate(BlockJUnit4ClassRunner.java:100)
04-04 14:26:26.215  8965  8992 E AndroidXTracer: 	at org.junit.runners.ParentRunner.runLeaf(ParentRunner.java:366)
04-04 14:26:26.215  8965  8992 E AndroidXTracer: 	at org.junit.runners.BlockJUnit4ClassRunner.runChild(BlockJUnit4ClassRunner.java:103)
04-04 14:26:26.215  8965  8992 E AndroidXTracer: 	at org.junit.runners.BlockJUnit4ClassRunner.runChild(BlockJUnit4ClassRunner.java:63)
04-04 14:26:26.215  8965  8992 E AndroidXTracer: 	at org.junit.runners.ParentRunner$4.run(ParentRunner.java:331)
04-04 14:26:26.215  8965  8992 E AndroidXTracer: 	at org.junit.runners.ParentRunner$1.schedule(ParentRunner.java:79)
04-04 14:26:26.215  8965  8992 E AndroidXTracer: 	at org.junit.runners.ParentRunner.runChildren(ParentRunner.java:329)
04-04 14:26:26.215  8965  8992 E AndroidXTracer: 	at org.junit.runners.ParentRunner.access$100(ParentRunner.java:66)
04-04 14:26:26.215  8965  8992 E AndroidXTracer: 	at org.junit.runners.ParentRunner$2.evaluate(ParentRunner.java:293)
04-04 14:26:26.215  8965  8992 E AndroidXTracer: 	at org.junit.runners.ParentRunner$3.evaluate(ParentRunner.java:306)
04-04 14:26:26.215  8965  8992 E AndroidXTracer: 	at org.junit.runners.ParentRunner.run(ParentRunner.java:413)
04-04 14:26:26.215  8965  8992 E AndroidXTracer: 	at androidx.test.ext.junit.runners.AndroidJUnit4.run(AndroidJUnit4.java:162)
04-04 14:26:26.215  8965  8992 E AndroidXTracer: 	at org.junit.runners.Suite.runChild(Suite.java:128)
04-04 14:26:26.215  8965  8992 E AndroidXTracer: 	at org.junit.runners.Suite.runChild(Suite.java:27)
04-04 14:26:26.215  8965  8992 E AndroidXTracer: 	at org.junit.runners.ParentRunner$4.run(ParentRunner.java:331)
04-04 14:26:26.215  8965  8992 E AndroidXTracer: 	at org.junit.runners.ParentRunner$1.schedule(ParentRunner.java:79)
04-04 14:26:26.215  8965  8992 E AndroidXTracer: 	at org.junit.runners.ParentRunner.runChildren(ParentRunner.java:329)
04-04 14:26:26.215  8965  8992 E AndroidXTracer: 	at org.junit.runners.ParentRunner.access$100(ParentRunner.java:66)
04-04 14:26:26.215  8965  8992 E AndroidXTracer: 	at org.junit.runners.ParentRunner$2.evaluate(ParentRunner.java:293)
04-04 14:26:26.215  8965  8992 E AndroidXTracer: 	at org.junit.runners.ParentRunner$3.evaluate(ParentRunner.java:306)
04-04 14:26:26.215  8965  8992 E AndroidXTracer: 	at org.junit.runners.ParentRunner.run(ParentRunner.java:413)
04-04 14:26:26.215  8965  8992 E AndroidXTracer: 	at org.junit.runner.JUnitCore.run(JUnitCore.java:137)
04-04 14:26:26.215  8965  8992 E AndroidXTracer: 	at org.junit.runner.JUnitCore.run(JUnitCore.java:115)
04-04 14:26:26.215  8965  8992 E AndroidXTracer: 	at androidx.test.internal.runner.TestExecutor.execute(TestExecutor.java:68)
04-04 14:26:26.215  8965  8992 E AndroidXTracer: 	at androidx.test.internal.runner.TestExecutor.execute(TestExecutor.java:59)
04-04 14:26:26.215  8965  8992 E AndroidXTracer: 	at androidx.test.runner.AndroidJUnitRunner.onStart(AndroidJUnitRunner.java:467)
04-04 14:26:26.215  8965  8992 E AndroidXTracer: 	at android.app.Instrumentation$InstrumentationThread.run(Instrumentation.java:2627)
04-04 14:26:26.215  8965  8992 I Tracing : Tracer added: class androidx.test.platform.tracing.AndroidXTracer
04-04 14:26:26.291  8965  8965 I ViewInteraction: Checking 'MatchesViewAssertion{viewMatcher=(view has effective visibility <VISIBLE> and view.getGlobalVisibleRect() to return non-empty rectangle)}' assertion on view view.getId() is <2131230963/com.example.eventlottery:id/et_title>
04-04 14:26:26.305  8965  8965 I ViewInteraction: Checking 'MatchesViewAssertion{viewMatcher=(view has effective visibility <VISIBLE> and view.getGlobalVisibleRect() to return non-empty rectangle)}' assertion on view view.getId() is <2131230948/com.example.eventlottery:id/et_description>
04-04 14:26:26.313  8965  8965 I ViewInteraction: Checking 'MatchesViewAssertion{viewMatcher=(view has effective visibility <VISIBLE> and view.getGlobalVisibleRect() to return non-empty rectangle)}' assertion on view view.getId() is <2131230952/com.example.eventlottery:id/et_location>
04-04 14:26:26.319  8965  9033 I le.eventlottery: hiddenapi: Accessing hidden field Ljava/net/Socket;->impl:Ljava/net/SocketImpl; (runtime_flags=0, domain=core-platform, api=unsupported) from Lcom/google/android/gms/org/conscrypt/Platform; (domain=app, TargetSdkVersion=35) using reflection: allowed
04-04 14:26:26.352  8965  8965 I ViewInteraction: Performing 'scroll to' action on view view.getId() is <2131230946/com.example.eventlottery:id/et_capacity>
04-04 14:26:26.364  8965  8965 I ScrollToAction: View is already displayed. Returning.
04-04 14:26:26.370  8965  8965 I ViewInteraction: Checking 'MatchesViewAssertion{viewMatcher=(view has effective visibility <VISIBLE> and view.getGlobalVisibleRect() to return non-empty rectangle)}' assertion on view view.getId() is <2131230946/com.example.eventlottery:id/et_capacity>
04-04 14:26:26.378  8965  8965 I ViewInteraction: Performing 'scroll to' action on view view.getId() is <2131230831/com.example.eventlottery:id/btn_create_event>
04-04 14:26:26.417  8965  9033 I le.eventlottery: hiddenapi: Accessing hidden method Ljava/security/spec/ECParameterSpec;->setCurveName(Ljava/lang/String;)V (runtime_flags=0, domain=core-platform, api=unsupported) from Lcom/google/android/gms/org/conscrypt/Platform; (domain=app, TargetSdkVersion=35) using reflection: allowed
04-04 14:26:26.428  8965  8965 I ViewInteraction: Checking 'MatchesViewAssertion{viewMatcher=(view has effective visibility <VISIBLE> and view.getGlobalVisibleRect() to return non-empty rectangle)}' assertion on view view.getId() is <2131230831/com.example.eventlottery:id/btn_create_event>
04-04 14:26:26.447   821  2230 V GrammaticalInflectionUtils: AttributionSource: android.content.AttributionSource@ca0768f7 does not have READ_SYSTEM_GRAMMATICAL_GENDER permission.
04-04 14:26:26.458   650   673 I libbinder.BpBinder: onLastStrongRef automatically unlinking death recipients for descriptor: '(not cached)'
04-04 14:26:26.468  8965  8965 D LifecycleMonitor: Lifecycle status change: com.example.eventlottery.activities.CreateEventActivity@4d1c959 in: PAUSED
04-04 14:26:26.470  8965  8965 V ActivityScenario: Update currentActivityStage to PAUSED, currentActivity=com.example.eventlottery.activities.CreateEventActivity@4d1c959
04-04 14:26:26.474  1231  1231 D RecentsView: onTaskDisplayChanged: 328, new displayId = 0
04-04 14:26:26.488   709   798 W libbinder.IPCThreadState: Sending oneway calls to frozen process.
04-04 14:26:26.488   709   798 W libbinder.IPCThreadState: Sending oneway calls to frozen process.
04-04 14:26:26.491   821   848 V GrammaticalInflectionUtils: AttributionSource: android.content.AttributionSource@ca0768f7 does not have READ_SYSTEM_GRAMMATICAL_GENDER permission.
04-04 14:26:26.494  1094  1295 D WindowOnBackDispatcher: setTopOnBackInvokedCallback (unwrapped): android.view.ViewRootImpl$$ExternalSyntheticLambda12@149e1ee
04-04 14:26:26.497  1231  1231 D b/417220811: invalidateLoadedTasks - previous requestLoadId: -1
04-04 14:26:26.512   581   581 D Zygote  : Forked child process 9035
04-04 14:26:26.534  9035  9035 I Zygote  : Process 9035 created for com.example.eventlottery.test
04-04 14:26:26.536  9035  9035 I entlottery.test: Late-enabling -Xcheck:jni
04-04 14:26:26.593  9035  9035 I entlottery.test: Using CollectorTypeCMC GC.
04-04 14:26:26.594  9035  9035 W entlottery.test: Unexpected CPU variant for x86: x86_64.
04-04 14:26:26.594  9035  9035 W entlottery.test: Known variants: atom, sandybridge, silvermont, goldmont, goldmont-plus, goldmont-without-sha-xsaves, tremont, kabylake, alderlake, default
04-04 14:26:26.608   658   694 I adbd    : jdwp connection from 9035
04-04 14:26:26.613  1231  1231 D b/417220811: invalidateLoadedTasks - previous requestLoadId: -1
04-04 14:26:26.621  1231  1231 D b/417220811: invalidateLoadedTasks - previous requestLoadId: -1
04-04 14:26:26.631  9035  9035 D nativeloader: Load libframework-connectivity-tiramisu-jni.so using APEX ns com_android_tethering for caller /apex/com.android.tethering/javalib/framework-connectivity-t.jar: ok
04-04 14:26:26.645  8965  8965 D VRI[CreateEventActivity]: visibilityChanged oldVisibility=true newVisibility=false
04-04 14:26:26.651   821  1067 W ImageReader_JNI: Unable to acquire a buffer item, very likely client tried to acquire more than maxImages buffers
04-04 14:26:26.661  8965  8965 D AutofillManager: view not autofillable - has multiline input type
04-04 14:26:26.693  9035  9035 D ApplicationLoaders: Returning zygote-cached class loader: /system/framework/android.test.base.jar
04-04 14:26:26.700  9035  9035 D nativeloader: Configuring clns-9 for other apk /system/framework/android.test.mock.jar. target_sdk_version=35, uses_libraries=ALL, library_path=/data/app/~~Ripu-olhWGUV6Eu5czP7Jg==/com.example.eventlottery.test-WltcogCaQyfgsg7AmHMz9w==/lib/x86_64, permitted_path=/data:/mnt/expand:/data/user/0/com.example.eventlottery.test
04-04 14:26:26.701  9035  9035 D ApplicationLoaders: Returning zygote-cached class loader: /system/framework/android.test.base.jar
04-04 14:26:26.705  9035  9035 D nativeloader: Configuring clns-10 for other apk /system/framework/android.test.runner.jar. target_sdk_version=35, uses_libraries=ALL, library_path=/data/app/~~Ripu-olhWGUV6Eu5czP7Jg==/com.example.eventlottery.test-WltcogCaQyfgsg7AmHMz9w==/lib/x86_64, permitted_path=/data:/mnt/expand:/data/user/0/com.example.eventlottery.test
04-04 14:26:26.720  9035  9035 D nativeloader: Configuring clns-11 for other apk /data/app/~~Ripu-olhWGUV6Eu5czP7Jg==/com.example.eventlottery.test-WltcogCaQyfgsg7AmHMz9w==/base.apk. target_sdk_version=35, uses_libraries=, library_path=/data/app/~~Ripu-olhWGUV6Eu5czP7Jg==/com.example.eventlottery.test-WltcogCaQyfgsg7AmHMz9w==/lib/x86_64, permitted_path=/data:/mnt/expand:/data/user/0/com.example.eventlottery.test
04-04 14:26:26.721  9035  9035 D CompatChangeReporter: Compat change id reported: 202956589; UID 10336; state: ENABLED
04-04 14:26:26.729  9035  9035 V GraphicsEnvironment: Currently set values for:
04-04 14:26:26.729  9035  9035 V GraphicsEnvironment:   angle_gl_driver_selection_pkgs=[]
04-04 14:26:26.729  9035  9035 V GraphicsEnvironment:   angle_gl_driver_selection_values=[]
04-04 14:26:26.730  9035  9035 V GraphicsEnvironment: com.example.eventlottery.test is not listed in per-application setting
04-04 14:26:26.730  9035  9035 V GraphicsEnvironment: ANGLE allowlist from config: com.dreamgames.royalmatch com.dts.freefiremax com.dxx.firenow com.gramgames.mergedragons com.ludo.king com.mojang.minecraftpe com.my.defense com.nintendo.zaka com.os.airforce com.playrix.fishdomdd.gplay io.teslatech.callbreak jp.konami.prospia net.peakgames.toonblast
04-04 14:26:26.730  9035  9035 V GraphicsEnvironment: No special selections for ANGLE, returning default driver choice
04-04 14:26:26.730  9035  9035 V GraphicsEnvironment: Neither updatable production driver nor prerelease driver is supported.
04-04 14:26:26.762  9035  9035 E ashmem  : Pinning is deprecated since Android Q. Please use trim or other methods.
04-04 14:26:26.787  9035  9035 D CompatChangeReporter: Compat change id reported: 309578419; UID 10336; state: ENABLED
04-04 14:26:26.788  9035  9035 D DesktopExperienceFlags: Toggle override initialized to: false
04-04 14:26:26.788  9035  9035 D DesktopModeFlags: Toggle override initialized to: OVERRIDE_UNSET
04-04 14:26:26.821  8965  8965 D LifecycleMonitor: Lifecycle status change: com.example.eventlottery.activities.CreateEventActivity@4d1c959 in: STOPPED
04-04 14:26:26.822  8965  8965 V ActivityScenario: Update currentActivityStage to STOPPED, currentActivity=com.example.eventlottery.activities.CreateEventActivity@4d1c959
04-04 14:26:26.824  8965  8965 D LifecycleMonitor: Lifecycle status change: com.example.eventlottery.activities.CreateEventActivity@4d1c959 in: DESTROYED
04-04 14:26:26.824  8965  8965 V ActivityScenario: Update currentActivityStage to DESTROYED, currentActivity=null
04-04 14:26:26.827  9035  9055 I GFXSTREAM: [eglDisplay.cpp(297)] Opening libGLESv1_CM_emulation.so
04-04 14:26:26.827  8965  8965 D WindowOnBackDispatcher: setTopOnBackInvokedCallback (unwrapped): null
04-04 14:26:26.828  9035  9055 I GFXSTREAM: [eglDisplay.cpp(297)] Opening libGLESv2_emulation.so
04-04 14:26:26.833  9035  9035 D CompatChangeReporter: Compat change id reported: 349153669; UID 10336; state: ENABLED
04-04 14:26:26.838  9035  9035 W HWUI    : Unknown dataspace 0
04-04 14:26:26.838  8965  8965 D AutofillManager: view not autofillable - has multiline input type
04-04 14:26:26.845  9035  9055 W HWUI    : Failed to choose config with EGL_SWAP_BEHAVIOR_PRESERVED, retrying without...
04-04 14:26:26.845  9035  9055 W HWUI    : Failed to initialize 101010-2 format, error = EGL_SUCCESS
04-04 14:26:26.857  8965  8965 D ViewRootImpl: Skipping stats log for color mode
04-04 14:26:26.863   821  2230 I ImeTracker: system_server:6fbfd3ed: onRequestHide at ORIGIN_SERVER reason IME_REQUESTED_CHANGED_LISTENER fromUser false
04-04 14:26:26.863   821   848 I ImeTracker: system_server:6fbfd3ed: onCancelled at PHASE_SERVER_SHOULD_HIDE
04-04 14:26:26.877  8965  8992 I TestRunner: finished: testCreateEventViews(com.example.eventlottery.activities.CreateEventActivityTest)
